<errors>
<error type="info.kwarc.mmt.api.InvalidObject" shortMsg="invalid object (unknown identifier: http://cds.omdoc.org/urtheories?Combinators): http://cds.omdoc.org/urtheories?Combinators" level="2">
  <stacktrace>
    <element>info.kwarc.mmt.api.checking.MMTStructureChecker.checkTheory(MMTStructureChecker.scala:693)</element>
    <element>info.kwarc.mmt.api.checking.MMTStructureChecker.$anonfun$checkElementBegin$6(MMTStructureChecker.scala:465)</element>
    <element>scala.Option.foreach(Option.scala:437)</element>
    <element>info.kwarc.mmt.api.checking.MMTStructureChecker.checkElementBegin(MMTStructureChecker.scala:465)</element>
    <element>info.kwarc.mmt.api.checking.MMTStructureChecker.applyElementBegin(MMTStructureChecker.scala:71)</element>
    <element>info.kwarc.mmt.api.checking.TwoStepInterpreter$$anon$1.onElement(Interpreter.scala:96)</element>
    <element>info.kwarc.mmt.api.parser.KeywordBasedParser.seCont(StructureParser.scala:131)</element>
    <element>info.kwarc.mmt.api.parser.KeywordBasedParser.addDeclaration$1(StructureParser.scala:501)</element>
    <element>info.kwarc.mmt.api.parser.KeywordBasedParser.readInModuleAux(StructureParser.scala:588)</element>
    <element>info.kwarc.mmt.api.parser.KeywordBasedParser.readInModule(StructureParser.scala:481)</element>
    <element>info.kwarc.mmt.api.parser.KeywordBasedParser.$anonfun$readTheory$2(StructureParser.scala:775)</element>
    <element>scala.runtime.java8.JFunction0$mcV$sp.apply(JFunction0$mcV$sp.scala:18)</element>
    <element>info.kwarc.mmt.api.frontend.Logger.logGroup(Log.scala:34)</element>
    <element>info.kwarc.mmt.api.frontend.Logger.logGroup$(Log.scala:31)</element>
    <element>info.kwarc.mmt.api.parser.Parser.logGroup(Parser.scala:237)</element>
    <element>info.kwarc.mmt.api.parser.KeywordBasedParser.readTheory(StructureParser.scala:775)</element>
    <element>info.kwarc.mmt.api.parser.KeywordBasedParser.readInDocument(StructureParser.scala:420)</element>
    <element>info.kwarc.mmt.api.parser.KeywordBasedParser.$anonfun$apply$1(StructureParser.scala:93)</element>
    <element>scala.runtime.java8.JFunction0$mcV$sp.apply(JFunction0$mcV$sp.scala:18)</element>
    <element>info.kwarc.mmt.api.frontend.Logger.logGroup(Log.scala:34)</element>
    <element>info.kwarc.mmt.api.frontend.Logger.logGroup$(Log.scala:31)</element>
    <element>info.kwarc.mmt.api.parser.Parser.logGroup(Parser.scala:237)</element>
    <element>info.kwarc.mmt.api.parser.KeywordBasedParser.apply(StructureParser.scala:93)</element>
    <element>info.kwarc.mmt.api.parser.KeywordBasedParser.apply(StructureParser.scala:83)</element>
    <element>info.kwarc.mmt.api.checking.TwoStepInterpreter.apply(Interpreter.scala:102)</element>
    <element>info.kwarc.mmt.api.checking.Interpreter.importDocument(Interpreter.scala:53)</element>
    <element>info.kwarc.mmt.api.archives.Importer.buildFile(Index.scala:159)</element>
    <element>info.kwarc.mmt.api.archives.TraversingBuildTarget.runBuildTask(BuildTarget.scala:564)</element>
    <element>info.kwarc.mmt.api.archives.TraversingBuildTarget.runBuildTaskIfNeeded(BuildTarget.scala:470)</element>
    <element>info.kwarc.mmt.api.archives.BuildQueue$$anon$1.run(BuildQueue.scala:263)</element>
  </stacktrace>
  <error type="info.kwarc.mmt.api.GetError" shortMsg="get error: no backend applicable to http://cds.omdoc.org/urtheories?Combinators" level="2">
    <stacktrace>
      <element>info.kwarc.mmt.api.frontend.Controller.$anonfun$retrieve$2(Controller.scala:496)</element>
      <element>scala.runtime.java8.JFunction0$mcV$sp.apply(JFunction0$mcV$sp.scala:18)</element>
      <element>info.kwarc.mmt.api.frontend.Logger.logGroup(Log.scala:34)</element>
      <element>info.kwarc.mmt.api.frontend.Logger.logGroup$(Log.scala:31)</element>
      <element>info.kwarc.mmt.api.frontend.Controller.logGroup(Controller.scala:74)</element>
      <element>info.kwarc.mmt.api.frontend.Controller.retrieve(Controller.scala:489)</element>
      <element>info.kwarc.mmt.api.frontend.Controller.$anonfun$iterate$2(Controller.scala:479)</element>
      <element>scala.runtime.java8.JFunction0$mcV$sp.apply(JFunction0$mcV$sp.scala:18)</element>
      <element>info.kwarc.mmt.api.frontend.Controller.iterate(Controller.scala:467)</element>
      <element>info.kwarc.mmt.api.frontend.Controller.iterate(Controller.scala:479)</element>
      <element>info.kwarc.mmt.api.frontend.Controller.iterate(Controller.scala:457)</element>
      <element>info.kwarc.mmt.api.frontend.Controller$$anon$1.handler(Controller.scala:330)</element>
      <element>info.kwarc.mmt.api.libraries.LookupWithNotFoundHandler.get(Lookup.scala:268)</element>
      <element>info.kwarc.mmt.api.checking.MMTStructureChecker.checkTheory(MMTStructureChecker.scala:690)</element>
      <element>info.kwarc.mmt.api.checking.MMTStructureChecker.$anonfun$checkElementBegin$6(MMTStructureChecker.scala:465)</element>
      <element>scala.Option.foreach(Option.scala:437)</element>
      <element>info.kwarc.mmt.api.checking.MMTStructureChecker.checkElementBegin(MMTStructureChecker.scala:465)</element>
      <element>info.kwarc.mmt.api.checking.MMTStructureChecker.applyElementBegin(MMTStructureChecker.scala:71)</element>
      <element>info.kwarc.mmt.api.checking.TwoStepInterpreter$$anon$1.onElement(Interpreter.scala:96)</element>
      <element>info.kwarc.mmt.api.parser.KeywordBasedParser.seCont(StructureParser.scala:131)</element>
      <element>info.kwarc.mmt.api.parser.KeywordBasedParser.addDeclaration$1(StructureParser.scala:501)</element>
      <element>info.kwarc.mmt.api.parser.KeywordBasedParser.readInModuleAux(StructureParser.scala:588)</element>
      <element>info.kwarc.mmt.api.parser.KeywordBasedParser.readInModule(StructureParser.scala:481)</element>
      <element>info.kwarc.mmt.api.parser.KeywordBasedParser.$anonfun$readTheory$2(StructureParser.scala:775)</element>
      <element>scala.runtime.java8.JFunction0$mcV$sp.apply(JFunction0$mcV$sp.scala:18)</element>
      <element>info.kwarc.mmt.api.frontend.Logger.logGroup(Log.scala:34)</element>
      <element>info.kwarc.mmt.api.frontend.Logger.logGroup$(Log.scala:31)</element>
      <element>info.kwarc.mmt.api.parser.Parser.logGroup(Parser.scala:237)</element>
      <element>info.kwarc.mmt.api.parser.KeywordBasedParser.readTheory(StructureParser.scala:775)</element>
      <element>info.kwarc.mmt.api.parser.KeywordBasedParser.readInDocument(StructureParser.scala:420)</element>
      <element>info.kwarc.mmt.api.parser.KeywordBasedParser.$anonfun$apply$1(StructureParser.scala:93)</element>
      <element>scala.runtime.java8.JFunction0$mcV$sp.apply(JFunction0$mcV$sp.scala:18)</element>
      <element>info.kwarc.mmt.api.frontend.Logger.logGroup(Log.scala:34)</element>
      <element>info.kwarc.mmt.api.frontend.Logger.logGroup$(Log.scala:31)</element>
      <element>info.kwarc.mmt.api.parser.Parser.logGroup(Parser.scala:237)</element>
      <element>info.kwarc.mmt.api.parser.KeywordBasedParser.apply(StructureParser.scala:93)</element>
      <element>info.kwarc.mmt.api.parser.KeywordBasedParser.apply(StructureParser.scala:83)</element>
      <element>info.kwarc.mmt.api.checking.TwoStepInterpreter.apply(Interpreter.scala:102)</element>
      <element>info.kwarc.mmt.api.checking.Interpreter.importDocument(Interpreter.scala:53)</element>
      <element>info.kwarc.mmt.api.archives.Importer.buildFile(Index.scala:159)</element>
      <element>info.kwarc.mmt.api.archives.TraversingBuildTarget.runBuildTask(BuildTarget.scala:564)</element>
      <element>info.kwarc.mmt.api.archives.TraversingBuildTarget.runBuildTaskIfNeeded(BuildTarget.scala:470)</element>
      <element>info.kwarc.mmt.api.archives.BuildQueue$$anon$1.run(BuildQueue.scala:263)</element>
    </stacktrace>
  </error>
</error>
<error 
target="structure-parser" sref="latin:/logic/operators.mmt#543.21.2:596.21.55" type="info.kwarc.mmt.api.SourceError" shortMsg="unknown error in declaration: get error: no backend applicable to http://cds.omdoc.org/urtheories?Combinators" level="2">
  source error (structure-parser) at latin:/logic/operators.mmt#543.21.2:596.21.55
  <stacktrace>
    <element>info.kwarc.mmt.api.parser.KeywordBasedParser.makeError(StructureParser.scala:202)</element>
    <element>info.kwarc.mmt.api.parser.KeywordBasedParser.readInModuleAux(StructureParser.scala:710)</element>
    <element>info.kwarc.mmt.api.parser.KeywordBasedParser.readInModule(StructureParser.scala:481)</element>
    <element>info.kwarc.mmt.api.parser.KeywordBasedParser.$anonfun$readTheory$2(StructureParser.scala:775)</element>
    <element>scala.runtime.java8.JFunction0$mcV$sp.apply(JFunction0$mcV$sp.scala:18)</element>
    <element>info.kwarc.mmt.api.frontend.Logger.logGroup(Log.scala:34)</element>
    <element>info.kwarc.mmt.api.frontend.Logger.logGroup$(Log.scala:31)</element>
    <element>info.kwarc.mmt.api.parser.Parser.logGroup(Parser.scala:237)</element>
    <element>info.kwarc.mmt.api.parser.KeywordBasedParser.readTheory(StructureParser.scala:775)</element>
    <element>info.kwarc.mmt.api.parser.KeywordBasedParser.readInDocument(StructureParser.scala:420)</element>
    <element>info.kwarc.mmt.api.parser.KeywordBasedParser.$anonfun$apply$1(StructureParser.scala:93)</element>
    <element>scala.runtime.java8.JFunction0$mcV$sp.apply(JFunction0$mcV$sp.scala:18)</element>
    <element>info.kwarc.mmt.api.frontend.Logger.logGroup(Log.scala:34)</element>
    <element>info.kwarc.mmt.api.frontend.Logger.logGroup$(Log.scala:31)</element>
    <element>info.kwarc.mmt.api.parser.Parser.logGroup(Parser.scala:237)</element>
    <element>info.kwarc.mmt.api.parser.KeywordBasedParser.apply(StructureParser.scala:93)</element>
    <element>info.kwarc.mmt.api.parser.KeywordBasedParser.apply(StructureParser.scala:83)</element>
    <element>info.kwarc.mmt.api.checking.TwoStepInterpreter.apply(Interpreter.scala:102)</element>
    <element>info.kwarc.mmt.api.checking.Interpreter.importDocument(Interpreter.scala:53)</element>
    <element>info.kwarc.mmt.api.archives.Importer.buildFile(Index.scala:159)</element>
    <element>info.kwarc.mmt.api.archives.TraversingBuildTarget.runBuildTask(BuildTarget.scala:564)</element>
    <element>info.kwarc.mmt.api.archives.TraversingBuildTarget.runBuildTaskIfNeeded(BuildTarget.scala:470)</element>
    <element>info.kwarc.mmt.api.archives.BuildQueue$$anon$1.run(BuildQueue.scala:263)</element>
  </stacktrace>
  <error type="info.kwarc.mmt.api.GetError" shortMsg="get error: no backend applicable to http://cds.omdoc.org/urtheories?Combinators" level="2">
    <stacktrace>
      <element>info.kwarc.mmt.api.frontend.Controller.$anonfun$retrieve$2(Controller.scala:496)</element>
      <element>scala.runtime.java8.JFunction0$mcV$sp.apply(JFunction0$mcV$sp.scala:18)</element>
      <element>info.kwarc.mmt.api.frontend.Logger.logGroup(Log.scala:34)</element>
      <element>info.kwarc.mmt.api.frontend.Logger.logGroup$(Log.scala:31)</element>
      <element>info.kwarc.mmt.api.frontend.Controller.logGroup(Controller.scala:74)</element>
      <element>info.kwarc.mmt.api.frontend.Controller.retrieve(Controller.scala:489)</element>
      <element>info.kwarc.mmt.api.frontend.Controller.$anonfun$iterate$2(Controller.scala:479)</element>
      <element>scala.runtime.java8.JFunction0$mcV$sp.apply(JFunction0$mcV$sp.scala:18)</element>
      <element>info.kwarc.mmt.api.frontend.Controller.iterate(Controller.scala:467)</element>
      <element>info.kwarc.mmt.api.frontend.Controller.iterate(Controller.scala:479)</element>
      <element>info.kwarc.mmt.api.frontend.Controller.iterate(Controller.scala:457)</element>
      <element>info.kwarc.mmt.api.frontend.Controller$$anon$1.handler(Controller.scala:330)</element>
      <element>info.kwarc.mmt.api.libraries.LookupWithNotFoundHandler.get(Lookup.scala:268)</element>
      <element>info.kwarc.mmt.api.libraries.Lookup.$anonfun$getAs$1(Lookup.scala:41)</element>
      <element>info.kwarc.mmt.api.libraries.Lookup.as(Lookup.scala:21)</element>
      <element>info.kwarc.mmt.api.libraries.Lookup.getAs(Lookup.scala:41)</element>
      <element>info.kwarc.mmt.api.uom.ElaborationBasedSimplifier.flattenInclude$1(ElaborationBasedSimplifier.scala:317)</element>
      <element>info.kwarc.mmt.api.uom.ElaborationBasedSimplifier.flattenExternally(ElaborationBasedSimplifier.scala:394)</element>
      <element>info.kwarc.mmt.api.uom.ElaborationBasedSimplifier.applyElementEnd(ElaborationBasedSimplifier.scala:148)</element>
      <element>info.kwarc.mmt.api.checking.MMTStructureChecker.elementChecked(MMTStructureChecker.scala:90)</element>
      <element>info.kwarc.mmt.api.checking.MMTStructureChecker.checkElementEnd(MMTStructureChecker.scala:597)</element>
      <element>info.kwarc.mmt.api.checking.MMTStructureChecker.applyElementEnd(MMTStructureChecker.scala:81)</element>
      <element>info.kwarc.mmt.api.checking.TwoStepInterpreter$$anon$1.onElementEnd(Interpreter.scala:99)</element>
      <element>info.kwarc.mmt.api.parser.KeywordBasedParser.end(StructureParser.scala:145)</element>
      <element>info.kwarc.mmt.api.parser.KeywordBasedParser.addDeclaration$1(StructureParser.scala:505)</element>
      <element>info.kwarc.mmt.api.parser.KeywordBasedParser.readInModuleAux(StructureParser.scala:588)</element>
      <element>info.kwarc.mmt.api.parser.KeywordBasedParser.readInModule(StructureParser.scala:481)</element>
      <element>info.kwarc.mmt.api.parser.KeywordBasedParser.$anonfun$readTheory$2(StructureParser.scala:775)</element>
      <element>scala.runtime.java8.JFunction0$mcV$sp.apply(JFunction0$mcV$sp.scala:18)</element>
      <element>info.kwarc.mmt.api.frontend.Logger.logGroup(Log.scala:34)</element>
      <element>info.kwarc.mmt.api.frontend.Logger.logGroup$(Log.scala:31)</element>
      <element>info.kwarc.mmt.api.parser.Parser.logGroup(Parser.scala:237)</element>
      <element>info.kwarc.mmt.api.parser.KeywordBasedParser.readTheory(StructureParser.scala:775)</element>
      <element>info.kwarc.mmt.api.parser.KeywordBasedParser.readInDocument(StructureParser.scala:420)</element>
      <element>info.kwarc.mmt.api.parser.KeywordBasedParser.$anonfun$apply$1(StructureParser.scala:93)</element>
      <element>scala.runtime.java8.JFunction0$mcV$sp.apply(JFunction0$mcV$sp.scala:18)</element>
      <element>info.kwarc.mmt.api.frontend.Logger.logGroup(Log.scala:34)</element>
      <element>info.kwarc.mmt.api.frontend.Logger.logGroup$(Log.scala:31)</element>
      <element>info.kwarc.mmt.api.parser.Parser.logGroup(Parser.scala:237)</element>
      <element>info.kwarc.mmt.api.parser.KeywordBasedParser.apply(StructureParser.scala:93)</element>
      <element>info.kwarc.mmt.api.parser.KeywordBasedParser.apply(StructureParser.scala:83)</element>
      <element>info.kwarc.mmt.api.checking.TwoStepInterpreter.apply(Interpreter.scala:102)</element>
      <element>info.kwarc.mmt.api.checking.Interpreter.importDocument(Interpreter.scala:53)</element>
      <element>info.kwarc.mmt.api.archives.Importer.buildFile(Index.scala:159)</element>
      <element>info.kwarc.mmt.api.archives.TraversingBuildTarget.runBuildTask(BuildTarget.scala:564)</element>
      <element>info.kwarc.mmt.api.archives.TraversingBuildTarget.runBuildTaskIfNeeded(BuildTarget.scala:470)</element>
      <element>info.kwarc.mmt.api.archives.BuildQueue$$anon$1.run(BuildQueue.scala:263)</element>
    </stacktrace>
  </error>
</error>

</errors>
