<errors>
<error type="info.kwarc.mmt.api.checking.MMTStructureChecker$$anon$1" shortMsg="invalid element: view is not total: latin:/?CategoryOfTypes" level="1">
  latin:/?Category?neutLeft
latin:/?Category?neutRight
latin:/?Category?assoc
  <stacktrace>
    <element>info.kwarc.mmt.api.checking.MMTStructureChecker.checkTotalTop(MMTStructureChecker.scala:539)</element>
    <element>info.kwarc.mmt.api.checking.MMTStructureChecker.checkElementEnd(MMTStructureChecker.scala:491)</element>
    <element>info.kwarc.mmt.api.checking.MMTStructureChecker.applyElementEnd(MMTStructureChecker.scala:81)</element>
    <element>info.kwarc.mmt.api.checking.TwoStepInterpreter$$anon$1.onElementEnd(Interpreter.scala:99)</element>
    <element>info.kwarc.mmt.api.parser.KeywordBasedParser.end(StructureParser.scala:145)</element>
    <element>info.kwarc.mmt.api.parser.KeywordBasedParser.readView(StructureParser.scala:820)</element>
    <element>info.kwarc.mmt.api.parser.KeywordBasedParser.readInDocument(StructureParser.scala:425)</element>
    <element>info.kwarc.mmt.api.parser.KeywordBasedParser.$anonfun$apply$1(StructureParser.scala:93)</element>
    <element>scala.runtime.java8.JFunction0$mcV$sp.apply(JFunction0$mcV$sp.java:23)</element>
    <element>info.kwarc.mmt.api.frontend.Logger.logGroup(Log.scala:34)</element>
    <element>info.kwarc.mmt.api.frontend.Logger.logGroup$(Log.scala:31)</element>
    <element>info.kwarc.mmt.api.parser.Parser.logGroup(Parser.scala:237)</element>
    <element>info.kwarc.mmt.api.parser.KeywordBasedParser.apply(StructureParser.scala:93)</element>
    <element>info.kwarc.mmt.api.parser.KeywordBasedParser.apply(StructureParser.scala:83)</element>
    <element>info.kwarc.mmt.api.checking.TwoStepInterpreter.apply(Interpreter.scala:102)</element>
    <element>info.kwarc.mmt.api.checking.Interpreter.importDocument(Interpreter.scala:53)</element>
    <element>info.kwarc.mmt.api.archives.Importer.buildFile(Index.scala:159)</element>
    <element>info.kwarc.mmt.api.archives.TraversingBuildTarget.runBuildTask(BuildTarget.scala:564)</element>
    <element>info.kwarc.mmt.api.archives.TraversingBuildTarget.runBuildTaskIfNeeded(BuildTarget.scala:470)</element>
    <element>info.kwarc.mmt.api.archives.BuildQueue$$anon$1.run(BuildQueue.scala:262)</element>
  </stacktrace>
</error>
</errors>
