<errors>
<error 
target="structure-parser" sref="latin:/proving/fundamentals.mmt#114.6.2:137.6.25" type="info.kwarc.mmt.api.SourceError" shortMsg="unknown error in declaration: invalid object (semantic object not found): scala://latin2/proving?CheckProof" level="2">
  source error (structure-parser) at latin:/proving/fundamentals.mmt#114.6.2:137.6.25
  <stacktrace>
    <element>info.kwarc.mmt.api.parser.KeywordBasedParser.makeError(StructureParser.scala:202)</element>
    <element>info.kwarc.mmt.api.parser.KeywordBasedParser.readInModuleAux(StructureParser.scala:707)</element>
    <element>info.kwarc.mmt.api.parser.KeywordBasedParser.readInModule(StructureParser.scala:481)</element>
    <element>info.kwarc.mmt.api.parser.KeywordBasedParser.$anonfun$readTheory$2(StructureParser.scala:772)</element>
    <element>scala.runtime.java8.JFunction0$mcV$sp.apply(JFunction0$mcV$sp.java:23)</element>
    <element>info.kwarc.mmt.api.frontend.Logger.logGroup(Log.scala:34)</element>
    <element>info.kwarc.mmt.api.frontend.Logger.logGroup$(Log.scala:31)</element>
    <element>info.kwarc.mmt.api.parser.Parser.logGroup(Parser.scala:237)</element>
    <element>info.kwarc.mmt.api.parser.KeywordBasedParser.readTheory(StructureParser.scala:772)</element>
    <element>info.kwarc.mmt.api.parser.KeywordBasedParser.readInDocument(StructureParser.scala:420)</element>
    <element>info.kwarc.mmt.api.parser.KeywordBasedParser.$anonfun$apply$1(StructureParser.scala:93)</element>
    <element>scala.runtime.java8.JFunction0$mcV$sp.apply(JFunction0$mcV$sp.java:23)</element>
    <element>info.kwarc.mmt.api.frontend.Logger.logGroup(Log.scala:34)</element>
    <element>info.kwarc.mmt.api.frontend.Logger.logGroup$(Log.scala:31)</element>
    <element>info.kwarc.mmt.api.parser.Parser.logGroup(Parser.scala:237)</element>
    <element>info.kwarc.mmt.api.parser.KeywordBasedParser.apply(StructureParser.scala:93)</element>
    <element>info.kwarc.mmt.api.parser.KeywordBasedParser.apply(StructureParser.scala:83)</element>
    <element>info.kwarc.mmt.api.checking.TwoStepInterpreter.apply(Interpreter.scala:102)</element>
    <element>info.kwarc.mmt.api.checking.Interpreter.importDocument(Interpreter.scala:53)</element>
    <element>info.kwarc.mmt.api.archives.Importer.buildFile(Index.scala:159)</element>
    <element>info.kwarc.mmt.api.archives.TraversingBuildTarget.runBuildTask(BuildTarget.scala:564)</element>
    <element>info.kwarc.mmt.api.archives.TraversingBuildTarget.runBuildTaskIfNeeded(BuildTarget.scala:470)</element>
    <element>info.kwarc.mmt.api.archives.TrivialBuildManager.$anonfun$addTasks$1(BuildQueue.scala:122)</element>
    <element>scala.collection.immutable.List.foreach(List.scala:392)</element>
    <element>info.kwarc.mmt.api.archives.TrivialBuildManager.addTasks(BuildQueue.scala:121)</element>
    <element>info.kwarc.mmt.api.archives.TraversingBuildTarget.build(BuildTarget.scala:389)</element>
    <element>info.kwarc.mmt.api.archives.TraversingBuildTarget.build(BuildTarget.scala:383)</element>
    <element>info.kwarc.mmt.api.archives.BuildTarget.apply(BuildTarget.scala:227)</element>
    <element>info.kwarc.mmt.api.frontend.actions.ArchiveActionHandling.$anonfun$buildArchive$1(ArchiveAction.scala:119)</element>
    <element>info.kwarc.mmt.api.frontend.actions.ArchiveActionHandling.$anonfun$buildArchive$1$adapted(ArchiveAction.scala:96)</element>
    <element>scala.collection.immutable.List.foreach(List.scala:392)</element>
    <element>info.kwarc.mmt.api.frontend.actions.ArchiveActionHandling.buildArchive(ArchiveAction.scala:96)</element>
    <element>info.kwarc.mmt.api.frontend.actions.ArchiveActionHandling.buildArchive$(ArchiveAction.scala:95)</element>
    <element>info.kwarc.mmt.api.frontend.Controller.buildArchive(Controller.scala:74)</element>
    <element>info.kwarc.mmt.api.frontend.actions.ArchiveBuild.apply(ArchiveAction.scala:13)</element>
    <element>info.kwarc.mmt.api.frontend.actions.ActionHandling.handle(ActionHandling.scala:48)</element>
    <element>info.kwarc.mmt.api.frontend.actions.ActionHandling.handle$(ActionHandling.scala:37)</element>
    <element>info.kwarc.mmt.api.frontend.Controller.handle(Controller.scala:74)</element>
    <element>info.kwarc.mmt.api.frontend.actions.ActionHandling.handleLine(ActionHandling.scala:33)</element>
    <element>info.kwarc.mmt.api.frontend.actions.ActionHandling.handleLine$(ActionHandling.scala:31)</element>
    <element>info.kwarc.mmt.api.frontend.Controller.handleLine(Controller.scala:74)</element>
    <element>info.kwarc.mmt.intellij.MMTPluginInterface.handleLine(MMTPlugin.scala:117)</element>
    <element>java.base/jdk.internal.reflect.NativeMethodAccessorImpl.invoke0(Native Method)</element>
    <element>java.base/jdk.internal.reflect.NativeMethodAccessorImpl.invoke(NativeMethodAccessorImpl.java:62)</element>
    <element>java.base/jdk.internal.reflect.DelegatingMethodAccessorImpl.invoke(DelegatingMethodAccessorImpl.java:43)</element>
    <element>java.base/java.lang.reflect.Method.invoke(Method.java:566)</element>
    <element>scala.reflect.runtime.JavaMirrors$JavaMirror$JavaVanillaMethodMirror1.jinvokeraw(JavaMirrors.scala:407)</element>
    <element>scala.reflect.runtime.JavaMirrors$JavaMirror$JavaMethodMirror.jinvoke(JavaMirrors.scala:373)</element>
    <element>scala.reflect.runtime.JavaMirrors$JavaMirror$JavaVanillaMethodMirror.apply(JavaMirrors.scala:389)</element>
    <element>info.kwarc.mmt.utils.Reflection$ThisReflectedInstance.method(Reflection.scala:32)</element>
    <element>info.kwarc.mmt.intellij.MMTJar.method(Plugin.scala:108)</element>
    <element>info.kwarc.mmt.intellij.MMTJar.handleLine(Plugin.scala:119)</element>
    <element>info.kwarc.mmt.intellij.ui.ShellViewer.doAction(Shell.scala:39)</element>
    <element>info.kwarc.mmt.intellij.ui.ShellViewer.actionPerformed(Shell.scala:34)</element>
    <element>java.desktop/javax.swing.JTextField.fireActionPerformed(JTextField.java:508)</element>
    <element>java.desktop/javax.swing.JTextField.postActionEvent(JTextField.java:723)</element>
    <element>java.desktop/javax.swing.JTextField$NotifyAction.actionPerformed(JTextField.java:839)</element>
    <element>java.desktop/javax.swing.SwingUtilities.notifyAction(SwingUtilities.java:1810)</element>
    <element>java.desktop/javax.swing.JComponent.processKeyBinding(JComponent.java:2900)</element>
    <element>java.desktop/javax.swing.JComponent.processKeyBindings(JComponent.java:2948)</element>
    <element>java.desktop/javax.swing.JComponent.processKeyEvent(JComponent.java:2862)</element>
    <element>java.desktop/java.awt.Component.processEvent(Component.java:6428)</element>
    <element>java.desktop/java.awt.Container.processEvent(Container.java:2263)</element>
    <element>java.desktop/java.awt.Component.dispatchEventImpl(Component.java:5026)</element>
    <element>java.desktop/java.awt.Container.dispatchEventImpl(Container.java:2321)</element>
    <element>java.desktop/java.awt.Component.dispatchEvent(Component.java:4858)</element>
    <element>java.desktop/java.awt.KeyboardFocusManager.redispatchEvent(KeyboardFocusManager.java:1950)</element>
    <element>java.desktop/java.awt.DefaultKeyboardFocusManager.dispatchKeyEvent(DefaultKeyboardFocusManager.java:878)</element>
    <element>java.desktop/java.awt.DefaultKeyboardFocusManager.preDispatchKeyEvent(DefaultKeyboardFocusManager.java:1148)</element>
    <element>java.desktop/java.awt.DefaultKeyboardFocusManager.typeAheadAssertions(DefaultKeyboardFocusManager.java:1017)</element>
    <element>java.desktop/java.awt.DefaultKeyboardFocusManager.dispatchEvent(DefaultKeyboardFocusManager.java:843)</element>
    <element>com.intellij.ide.IdeKeyboardFocusManager.dispatchEvent(IdeKeyboardFocusManager.java:40)</element>
    <element>java.desktop/java.awt.Component.dispatchEventImpl(Component.java:4907)</element>
    <element>java.desktop/java.awt.Container.dispatchEventImpl(Container.java:2321)</element>
    <element>java.desktop/java.awt.Window.dispatchEventImpl(Window.java:2773)</element>
    <element>java.desktop/java.awt.Component.dispatchEvent(Component.java:4858)</element>
    <element>java.desktop/java.awt.EventQueue.dispatchEventImpl(EventQueue.java:778)</element>
    <element>java.desktop/java.awt.EventQueue$4.run(EventQueue.java:727)</element>
    <element>java.desktop/java.awt.EventQueue$4.run(EventQueue.java:721)</element>
    <element>java.base/java.security.AccessController.doPrivileged(Native Method)</element>
    <element>java.base/java.security.ProtectionDomain$JavaSecurityAccessImpl.doIntersectionPrivilege(ProtectionDomain.java:85)</element>
    <element>java.base/java.security.ProtectionDomain$JavaSecurityAccessImpl.doIntersectionPrivilege(ProtectionDomain.java:95)</element>
    <element>java.desktop/java.awt.EventQueue$5.run(EventQueue.java:751)</element>
    <element>java.desktop/java.awt.EventQueue$5.run(EventQueue.java:749)</element>
    <element>java.base/java.security.AccessController.doPrivileged(Native Method)</element>
    <element>java.base/java.security.ProtectionDomain$JavaSecurityAccessImpl.doIntersectionPrivilege(ProtectionDomain.java:85)</element>
    <element>java.desktop/java.awt.EventQueue.dispatchEvent(EventQueue.java:748)</element>
    <element>com.intellij.ide.IdeEventQueue.defaultDispatchEvent(IdeEventQueue.java:908)</element>
    <element>com.intellij.ide.IdeEventQueue.dispatchKeyEvent(IdeEventQueue.java:834)</element>
    <element>com.intellij.ide.IdeEventQueue._dispatchEvent(IdeEventQueue.java:775)</element>
    <element>com.intellij.ide.IdeEventQueue.lambda$dispatchEvent$8(IdeEventQueue.java:424)</element>
    <element>com.intellij.openapi.progress.impl.CoreProgressManager.computePrioritized(CoreProgressManager.java:698)</element>
    <element>com.intellij.ide.IdeEventQueue.dispatchEvent(IdeEventQueue.java:423)</element>
    <element>java.desktop/java.awt.EventDispatchThread.pumpOneEventForFilters(EventDispatchThread.java:203)</element>
    <element>java.desktop/java.awt.EventDispatchThread.pumpEventsForFilter(EventDispatchThread.java:124)</element>
    <element>java.desktop/java.awt.EventDispatchThread.pumpEventsForHierarchy(EventDispatchThread.java:113)</element>
    <element>java.desktop/java.awt.EventDispatchThread.pumpEvents(EventDispatchThread.java:109)</element>
    <element>java.desktop/java.awt.EventDispatchThread.pumpEvents(EventDispatchThread.java:101)</element>
    <element>java.desktop/java.awt.EventDispatchThread.run(EventDispatchThread.java:90)</element>
  </stacktrace>
  <error type="info.kwarc.mmt.api.InvalidObject" shortMsg="invalid object (semantic object not found): scala://latin2/proving?CheckProof" level="2">
    <stacktrace>
      <element>info.kwarc.mmt.api.Rule$.$anonfun$loadRule$1(Rule.scala:49)</element>
      <element>scala.Option.getOrElse(Option.scala:189)</element>
      <element>info.kwarc.mmt.api.Rule$.loadRule(Rule.scala:49)</element>
      <element>info.kwarc.mmt.api.symbols.RuleConstantInterpreter.createRule(RuleConstant.scala:49)</element>
      <element>info.kwarc.mmt.api.symbols.RuleConstantInterpreter.apply(RuleConstant.scala:69)</element>
      <element>info.kwarc.mmt.api.symbols.RuleConstantParser.apply(RuleConstant.scala:95)</element>
      <element>info.kwarc.mmt.api.symbols.RuleConstantParser.apply(RuleConstant.scala:77)</element>
      <element>info.kwarc.mmt.api.parser.KeywordBasedParser.readInModuleAux(StructureParser.scala:683)</element>
      <element>info.kwarc.mmt.api.parser.KeywordBasedParser.readInModule(StructureParser.scala:481)</element>
      <element>info.kwarc.mmt.api.parser.KeywordBasedParser.$anonfun$readTheory$2(StructureParser.scala:772)</element>
      <element>scala.runtime.java8.JFunction0$mcV$sp.apply(JFunction0$mcV$sp.java:23)</element>
      <element>info.kwarc.mmt.api.frontend.Logger.logGroup(Log.scala:34)</element>
      <element>info.kwarc.mmt.api.frontend.Logger.logGroup$(Log.scala:31)</element>
      <element>info.kwarc.mmt.api.parser.Parser.logGroup(Parser.scala:237)</element>
      <element>info.kwarc.mmt.api.parser.KeywordBasedParser.readTheory(StructureParser.scala:772)</element>
      <element>info.kwarc.mmt.api.parser.KeywordBasedParser.readInDocument(StructureParser.scala:420)</element>
      <element>info.kwarc.mmt.api.parser.KeywordBasedParser.$anonfun$apply$1(StructureParser.scala:93)</element>
      <element>scala.runtime.java8.JFunction0$mcV$sp.apply(JFunction0$mcV$sp.java:23)</element>
      <element>info.kwarc.mmt.api.frontend.Logger.logGroup(Log.scala:34)</element>
      <element>info.kwarc.mmt.api.frontend.Logger.logGroup$(Log.scala:31)</element>
      <element>info.kwarc.mmt.api.parser.Parser.logGroup(Parser.scala:237)</element>
      <element>info.kwarc.mmt.api.parser.KeywordBasedParser.apply(StructureParser.scala:93)</element>
      <element>info.kwarc.mmt.api.parser.KeywordBasedParser.apply(StructureParser.scala:83)</element>
      <element>info.kwarc.mmt.api.checking.TwoStepInterpreter.apply(Interpreter.scala:102)</element>
      <element>info.kwarc.mmt.api.checking.Interpreter.importDocument(Interpreter.scala:53)</element>
      <element>info.kwarc.mmt.api.archives.Importer.buildFile(Index.scala:159)</element>
      <element>info.kwarc.mmt.api.archives.TraversingBuildTarget.runBuildTask(BuildTarget.scala:564)</element>
      <element>info.kwarc.mmt.api.archives.TraversingBuildTarget.runBuildTaskIfNeeded(BuildTarget.scala:470)</element>
      <element>info.kwarc.mmt.api.archives.TrivialBuildManager.$anonfun$addTasks$1(BuildQueue.scala:122)</element>
      <element>scala.collection.immutable.List.foreach(List.scala:392)</element>
      <element>info.kwarc.mmt.api.archives.TrivialBuildManager.addTasks(BuildQueue.scala:121)</element>
      <element>info.kwarc.mmt.api.archives.TraversingBuildTarget.build(BuildTarget.scala:389)</element>
      <element>info.kwarc.mmt.api.archives.TraversingBuildTarget.build(BuildTarget.scala:383)</element>
      <element>info.kwarc.mmt.api.archives.BuildTarget.apply(BuildTarget.scala:227)</element>
      <element>info.kwarc.mmt.api.frontend.actions.ArchiveActionHandling.$anonfun$buildArchive$1(ArchiveAction.scala:119)</element>
      <element>info.kwarc.mmt.api.frontend.actions.ArchiveActionHandling.$anonfun$buildArchive$1$adapted(ArchiveAction.scala:96)</element>
      <element>scala.collection.immutable.List.foreach(List.scala:392)</element>
      <element>info.kwarc.mmt.api.frontend.actions.ArchiveActionHandling.buildArchive(ArchiveAction.scala:96)</element>
      <element>info.kwarc.mmt.api.frontend.actions.ArchiveActionHandling.buildArchive$(ArchiveAction.scala:95)</element>
      <element>info.kwarc.mmt.api.frontend.Controller.buildArchive(Controller.scala:74)</element>
      <element>info.kwarc.mmt.api.frontend.actions.ArchiveBuild.apply(ArchiveAction.scala:13)</element>
      <element>info.kwarc.mmt.api.frontend.actions.ActionHandling.handle(ActionHandling.scala:48)</element>
      <element>info.kwarc.mmt.api.frontend.actions.ActionHandling.handle$(ActionHandling.scala:37)</element>
      <element>info.kwarc.mmt.api.frontend.Controller.handle(Controller.scala:74)</element>
      <element>info.kwarc.mmt.api.frontend.actions.ActionHandling.handleLine(ActionHandling.scala:33)</element>
      <element>info.kwarc.mmt.api.frontend.actions.ActionHandling.handleLine$(ActionHandling.scala:31)</element>
      <element>info.kwarc.mmt.api.frontend.Controller.handleLine(Controller.scala:74)</element>
      <element>info.kwarc.mmt.intellij.MMTPluginInterface.handleLine(MMTPlugin.scala:117)</element>
      <element>java.base/jdk.internal.reflect.NativeMethodAccessorImpl.invoke0(Native Method)</element>
      <element>java.base/jdk.internal.reflect.NativeMethodAccessorImpl.invoke(NativeMethodAccessorImpl.java:62)</element>
      <element>java.base/jdk.internal.reflect.DelegatingMethodAccessorImpl.invoke(DelegatingMethodAccessorImpl.java:43)</element>
      <element>java.base/java.lang.reflect.Method.invoke(Method.java:566)</element>
      <element>scala.reflect.runtime.JavaMirrors$JavaMirror$JavaVanillaMethodMirror1.jinvokeraw(JavaMirrors.scala:407)</element>
      <element>scala.reflect.runtime.JavaMirrors$JavaMirror$JavaMethodMirror.jinvoke(JavaMirrors.scala:373)</element>
      <element>scala.reflect.runtime.JavaMirrors$JavaMirror$JavaVanillaMethodMirror.apply(JavaMirrors.scala:389)</element>
      <element>info.kwarc.mmt.utils.Reflection$ThisReflectedInstance.method(Reflection.scala:32)</element>
      <element>info.kwarc.mmt.intellij.MMTJar.method(Plugin.scala:108)</element>
      <element>info.kwarc.mmt.intellij.MMTJar.handleLine(Plugin.scala:119)</element>
      <element>info.kwarc.mmt.intellij.ui.ShellViewer.doAction(Shell.scala:39)</element>
      <element>info.kwarc.mmt.intellij.ui.ShellViewer.actionPerformed(Shell.scala:34)</element>
      <element>java.desktop/javax.swing.JTextField.fireActionPerformed(JTextField.java:508)</element>
      <element>java.desktop/javax.swing.JTextField.postActionEvent(JTextField.java:723)</element>
      <element>java.desktop/javax.swing.JTextField$NotifyAction.actionPerformed(JTextField.java:839)</element>
      <element>java.desktop/javax.swing.SwingUtilities.notifyAction(SwingUtilities.java:1810)</element>
      <element>java.desktop/javax.swing.JComponent.processKeyBinding(JComponent.java:2900)</element>
      <element>java.desktop/javax.swing.JComponent.processKeyBindings(JComponent.java:2948)</element>
      <element>java.desktop/javax.swing.JComponent.processKeyEvent(JComponent.java:2862)</element>
      <element>java.desktop/java.awt.Component.processEvent(Component.java:6428)</element>
      <element>java.desktop/java.awt.Container.processEvent(Container.java:2263)</element>
      <element>java.desktop/java.awt.Component.dispatchEventImpl(Component.java:5026)</element>
      <element>java.desktop/java.awt.Container.dispatchEventImpl(Container.java:2321)</element>
      <element>java.desktop/java.awt.Component.dispatchEvent(Component.java:4858)</element>
      <element>java.desktop/java.awt.KeyboardFocusManager.redispatchEvent(KeyboardFocusManager.java:1950)</element>
      <element>java.desktop/java.awt.DefaultKeyboardFocusManager.dispatchKeyEvent(DefaultKeyboardFocusManager.java:878)</element>
      <element>java.desktop/java.awt.DefaultKeyboardFocusManager.preDispatchKeyEvent(DefaultKeyboardFocusManager.java:1148)</element>
      <element>java.desktop/java.awt.DefaultKeyboardFocusManager.typeAheadAssertions(DefaultKeyboardFocusManager.java:1017)</element>
      <element>java.desktop/java.awt.DefaultKeyboardFocusManager.dispatchEvent(DefaultKeyboardFocusManager.java:843)</element>
      <element>com.intellij.ide.IdeKeyboardFocusManager.dispatchEvent(IdeKeyboardFocusManager.java:40)</element>
      <element>java.desktop/java.awt.Component.dispatchEventImpl(Component.java:4907)</element>
      <element>java.desktop/java.awt.Container.dispatchEventImpl(Container.java:2321)</element>
      <element>java.desktop/java.awt.Window.dispatchEventImpl(Window.java:2773)</element>
      <element>java.desktop/java.awt.Component.dispatchEvent(Component.java:4858)</element>
      <element>java.desktop/java.awt.EventQueue.dispatchEventImpl(EventQueue.java:778)</element>
      <element>java.desktop/java.awt.EventQueue$4.run(EventQueue.java:727)</element>
      <element>java.desktop/java.awt.EventQueue$4.run(EventQueue.java:721)</element>
      <element>java.base/java.security.AccessController.doPrivileged(Native Method)</element>
      <element>java.base/java.security.ProtectionDomain$JavaSecurityAccessImpl.doIntersectionPrivilege(ProtectionDomain.java:85)</element>
      <element>java.base/java.security.ProtectionDomain$JavaSecurityAccessImpl.doIntersectionPrivilege(ProtectionDomain.java:95)</element>
      <element>java.desktop/java.awt.EventQueue$5.run(EventQueue.java:751)</element>
      <element>java.desktop/java.awt.EventQueue$5.run(EventQueue.java:749)</element>
      <element>java.base/java.security.AccessController.doPrivileged(Native Method)</element>
      <element>java.base/java.security.ProtectionDomain$JavaSecurityAccessImpl.doIntersectionPrivilege(ProtectionDomain.java:85)</element>
      <element>java.desktop/java.awt.EventQueue.dispatchEvent(EventQueue.java:748)</element>
      <element>com.intellij.ide.IdeEventQueue.defaultDispatchEvent(IdeEventQueue.java:908)</element>
      <element>com.intellij.ide.IdeEventQueue.dispatchKeyEvent(IdeEventQueue.java:834)</element>
      <element>com.intellij.ide.IdeEventQueue._dispatchEvent(IdeEventQueue.java:775)</element>
      <element>com.intellij.ide.IdeEventQueue.lambda$dispatchEvent$8(IdeEventQueue.java:424)</element>
      <element>com.intellij.openapi.progress.impl.CoreProgressManager.computePrioritized(CoreProgressManager.java:698)</element>
      <element>com.intellij.ide.IdeEventQueue.dispatchEvent(IdeEventQueue.java:423)</element>
      <element>java.desktop/java.awt.EventDispatchThread.pumpOneEventForFilters(EventDispatchThread.java:203)</element>
      <element>java.desktop/java.awt.EventDispatchThread.pumpEventsForFilter(EventDispatchThread.java:124)</element>
      <element>java.desktop/java.awt.EventDispatchThread.pumpEventsForHierarchy(EventDispatchThread.java:113)</element>
      <element>java.desktop/java.awt.EventDispatchThread.pumpEvents(EventDispatchThread.java:109)</element>
      <element>java.desktop/java.awt.EventDispatchThread.pumpEvents(EventDispatchThread.java:101)</element>
      <element>java.desktop/java.awt.EventDispatchThread.run(EventDispatchThread.java:90)</element>
    </stacktrace>
  </error>
</error>

<error 
target="structure-parser" sref="latin:/proving/fundamentals.mmt#201.11.2:221.11.22" type="info.kwarc.mmt.api.SourceError" shortMsg="unknown error in declaration: invalid object (semantic object not found): scala://latin2/proving?UseStep" level="2">
  source error (structure-parser) at latin:/proving/fundamentals.mmt#201.11.2:221.11.22
  <stacktrace>
    <element>info.kwarc.mmt.api.parser.KeywordBasedParser.makeError(StructureParser.scala:202)</element>
    <element>info.kwarc.mmt.api.parser.KeywordBasedParser.readInModuleAux(StructureParser.scala:707)</element>
    <element>info.kwarc.mmt.api.parser.KeywordBasedParser.readInModule(StructureParser.scala:481)</element>
    <element>info.kwarc.mmt.api.parser.KeywordBasedParser.$anonfun$readTheory$2(StructureParser.scala:772)</element>
    <element>scala.runtime.java8.JFunction0$mcV$sp.apply(JFunction0$mcV$sp.java:23)</element>
    <element>info.kwarc.mmt.api.frontend.Logger.logGroup(Log.scala:34)</element>
    <element>info.kwarc.mmt.api.frontend.Logger.logGroup$(Log.scala:31)</element>
    <element>info.kwarc.mmt.api.parser.Parser.logGroup(Parser.scala:237)</element>
    <element>info.kwarc.mmt.api.parser.KeywordBasedParser.readTheory(StructureParser.scala:772)</element>
    <element>info.kwarc.mmt.api.parser.KeywordBasedParser.readInDocument(StructureParser.scala:420)</element>
    <element>info.kwarc.mmt.api.parser.KeywordBasedParser.$anonfun$apply$1(StructureParser.scala:93)</element>
    <element>scala.runtime.java8.JFunction0$mcV$sp.apply(JFunction0$mcV$sp.java:23)</element>
    <element>info.kwarc.mmt.api.frontend.Logger.logGroup(Log.scala:34)</element>
    <element>info.kwarc.mmt.api.frontend.Logger.logGroup$(Log.scala:31)</element>
    <element>info.kwarc.mmt.api.parser.Parser.logGroup(Parser.scala:237)</element>
    <element>info.kwarc.mmt.api.parser.KeywordBasedParser.apply(StructureParser.scala:93)</element>
    <element>info.kwarc.mmt.api.parser.KeywordBasedParser.apply(StructureParser.scala:83)</element>
    <element>info.kwarc.mmt.api.checking.TwoStepInterpreter.apply(Interpreter.scala:102)</element>
    <element>info.kwarc.mmt.api.checking.Interpreter.importDocument(Interpreter.scala:53)</element>
    <element>info.kwarc.mmt.api.archives.Importer.buildFile(Index.scala:159)</element>
    <element>info.kwarc.mmt.api.archives.TraversingBuildTarget.runBuildTask(BuildTarget.scala:564)</element>
    <element>info.kwarc.mmt.api.archives.TraversingBuildTarget.runBuildTaskIfNeeded(BuildTarget.scala:470)</element>
    <element>info.kwarc.mmt.api.archives.TrivialBuildManager.$anonfun$addTasks$1(BuildQueue.scala:122)</element>
    <element>scala.collection.immutable.List.foreach(List.scala:392)</element>
    <element>info.kwarc.mmt.api.archives.TrivialBuildManager.addTasks(BuildQueue.scala:121)</element>
    <element>info.kwarc.mmt.api.archives.TraversingBuildTarget.build(BuildTarget.scala:389)</element>
    <element>info.kwarc.mmt.api.archives.TraversingBuildTarget.build(BuildTarget.scala:383)</element>
    <element>info.kwarc.mmt.api.archives.BuildTarget.apply(BuildTarget.scala:227)</element>
    <element>info.kwarc.mmt.api.frontend.actions.ArchiveActionHandling.$anonfun$buildArchive$1(ArchiveAction.scala:119)</element>
    <element>info.kwarc.mmt.api.frontend.actions.ArchiveActionHandling.$anonfun$buildArchive$1$adapted(ArchiveAction.scala:96)</element>
    <element>scala.collection.immutable.List.foreach(List.scala:392)</element>
    <element>info.kwarc.mmt.api.frontend.actions.ArchiveActionHandling.buildArchive(ArchiveAction.scala:96)</element>
    <element>info.kwarc.mmt.api.frontend.actions.ArchiveActionHandling.buildArchive$(ArchiveAction.scala:95)</element>
    <element>info.kwarc.mmt.api.frontend.Controller.buildArchive(Controller.scala:74)</element>
    <element>info.kwarc.mmt.api.frontend.actions.ArchiveBuild.apply(ArchiveAction.scala:13)</element>
    <element>info.kwarc.mmt.api.frontend.actions.ActionHandling.handle(ActionHandling.scala:48)</element>
    <element>info.kwarc.mmt.api.frontend.actions.ActionHandling.handle$(ActionHandling.scala:37)</element>
    <element>info.kwarc.mmt.api.frontend.Controller.handle(Controller.scala:74)</element>
    <element>info.kwarc.mmt.api.frontend.actions.ActionHandling.handleLine(ActionHandling.scala:33)</element>
    <element>info.kwarc.mmt.api.frontend.actions.ActionHandling.handleLine$(ActionHandling.scala:31)</element>
    <element>info.kwarc.mmt.api.frontend.Controller.handleLine(Controller.scala:74)</element>
    <element>info.kwarc.mmt.intellij.MMTPluginInterface.handleLine(MMTPlugin.scala:117)</element>
    <element>java.base/jdk.internal.reflect.NativeMethodAccessorImpl.invoke0(Native Method)</element>
    <element>java.base/jdk.internal.reflect.NativeMethodAccessorImpl.invoke(NativeMethodAccessorImpl.java:62)</element>
    <element>java.base/jdk.internal.reflect.DelegatingMethodAccessorImpl.invoke(DelegatingMethodAccessorImpl.java:43)</element>
    <element>java.base/java.lang.reflect.Method.invoke(Method.java:566)</element>
    <element>scala.reflect.runtime.JavaMirrors$JavaMirror$JavaVanillaMethodMirror1.jinvokeraw(JavaMirrors.scala:407)</element>
    <element>scala.reflect.runtime.JavaMirrors$JavaMirror$JavaMethodMirror.jinvoke(JavaMirrors.scala:373)</element>
    <element>scala.reflect.runtime.JavaMirrors$JavaMirror$JavaVanillaMethodMirror.apply(JavaMirrors.scala:389)</element>
    <element>info.kwarc.mmt.utils.Reflection$ThisReflectedInstance.method(Reflection.scala:32)</element>
    <element>info.kwarc.mmt.intellij.MMTJar.method(Plugin.scala:108)</element>
    <element>info.kwarc.mmt.intellij.MMTJar.handleLine(Plugin.scala:119)</element>
    <element>info.kwarc.mmt.intellij.ui.ShellViewer.doAction(Shell.scala:39)</element>
    <element>info.kwarc.mmt.intellij.ui.ShellViewer.actionPerformed(Shell.scala:34)</element>
    <element>java.desktop/javax.swing.JTextField.fireActionPerformed(JTextField.java:508)</element>
    <element>java.desktop/javax.swing.JTextField.postActionEvent(JTextField.java:723)</element>
    <element>java.desktop/javax.swing.JTextField$NotifyAction.actionPerformed(JTextField.java:839)</element>
    <element>java.desktop/javax.swing.SwingUtilities.notifyAction(SwingUtilities.java:1810)</element>
    <element>java.desktop/javax.swing.JComponent.processKeyBinding(JComponent.java:2900)</element>
    <element>java.desktop/javax.swing.JComponent.processKeyBindings(JComponent.java:2948)</element>
    <element>java.desktop/javax.swing.JComponent.processKeyEvent(JComponent.java:2862)</element>
    <element>java.desktop/java.awt.Component.processEvent(Component.java:6428)</element>
    <element>java.desktop/java.awt.Container.processEvent(Container.java:2263)</element>
    <element>java.desktop/java.awt.Component.dispatchEventImpl(Component.java:5026)</element>
    <element>java.desktop/java.awt.Container.dispatchEventImpl(Container.java:2321)</element>
    <element>java.desktop/java.awt.Component.dispatchEvent(Component.java:4858)</element>
    <element>java.desktop/java.awt.KeyboardFocusManager.redispatchEvent(KeyboardFocusManager.java:1950)</element>
    <element>java.desktop/java.awt.DefaultKeyboardFocusManager.dispatchKeyEvent(DefaultKeyboardFocusManager.java:878)</element>
    <element>java.desktop/java.awt.DefaultKeyboardFocusManager.preDispatchKeyEvent(DefaultKeyboardFocusManager.java:1148)</element>
    <element>java.desktop/java.awt.DefaultKeyboardFocusManager.typeAheadAssertions(DefaultKeyboardFocusManager.java:1017)</element>
    <element>java.desktop/java.awt.DefaultKeyboardFocusManager.dispatchEvent(DefaultKeyboardFocusManager.java:843)</element>
    <element>com.intellij.ide.IdeKeyboardFocusManager.dispatchEvent(IdeKeyboardFocusManager.java:40)</element>
    <element>java.desktop/java.awt.Component.dispatchEventImpl(Component.java:4907)</element>
    <element>java.desktop/java.awt.Container.dispatchEventImpl(Container.java:2321)</element>
    <element>java.desktop/java.awt.Window.dispatchEventImpl(Window.java:2773)</element>
    <element>java.desktop/java.awt.Component.dispatchEvent(Component.java:4858)</element>
    <element>java.desktop/java.awt.EventQueue.dispatchEventImpl(EventQueue.java:778)</element>
    <element>java.desktop/java.awt.EventQueue$4.run(EventQueue.java:727)</element>
    <element>java.desktop/java.awt.EventQueue$4.run(EventQueue.java:721)</element>
    <element>java.base/java.security.AccessController.doPrivileged(Native Method)</element>
    <element>java.base/java.security.ProtectionDomain$JavaSecurityAccessImpl.doIntersectionPrivilege(ProtectionDomain.java:85)</element>
    <element>java.base/java.security.ProtectionDomain$JavaSecurityAccessImpl.doIntersectionPrivilege(ProtectionDomain.java:95)</element>
    <element>java.desktop/java.awt.EventQueue$5.run(EventQueue.java:751)</element>
    <element>java.desktop/java.awt.EventQueue$5.run(EventQueue.java:749)</element>
    <element>java.base/java.security.AccessController.doPrivileged(Native Method)</element>
    <element>java.base/java.security.ProtectionDomain$JavaSecurityAccessImpl.doIntersectionPrivilege(ProtectionDomain.java:85)</element>
    <element>java.desktop/java.awt.EventQueue.dispatchEvent(EventQueue.java:748)</element>
    <element>com.intellij.ide.IdeEventQueue.defaultDispatchEvent(IdeEventQueue.java:908)</element>
    <element>com.intellij.ide.IdeEventQueue.dispatchKeyEvent(IdeEventQueue.java:834)</element>
    <element>com.intellij.ide.IdeEventQueue._dispatchEvent(IdeEventQueue.java:775)</element>
    <element>com.intellij.ide.IdeEventQueue.lambda$dispatchEvent$8(IdeEventQueue.java:424)</element>
    <element>com.intellij.openapi.progress.impl.CoreProgressManager.computePrioritized(CoreProgressManager.java:698)</element>
    <element>com.intellij.ide.IdeEventQueue.dispatchEvent(IdeEventQueue.java:423)</element>
    <element>java.desktop/java.awt.EventDispatchThread.pumpOneEventForFilters(EventDispatchThread.java:203)</element>
    <element>java.desktop/java.awt.EventDispatchThread.pumpEventsForFilter(EventDispatchThread.java:124)</element>
    <element>java.desktop/java.awt.EventDispatchThread.pumpEventsForHierarchy(EventDispatchThread.java:113)</element>
    <element>java.desktop/java.awt.EventDispatchThread.pumpEvents(EventDispatchThread.java:109)</element>
    <element>java.desktop/java.awt.EventDispatchThread.pumpEvents(EventDispatchThread.java:101)</element>
    <element>java.desktop/java.awt.EventDispatchThread.run(EventDispatchThread.java:90)</element>
  </stacktrace>
  <error type="info.kwarc.mmt.api.InvalidObject" shortMsg="invalid object (semantic object not found): scala://latin2/proving?UseStep" level="2">
    <stacktrace>
      <element>info.kwarc.mmt.api.Rule$.$anonfun$loadRule$1(Rule.scala:49)</element>
      <element>scala.Option.getOrElse(Option.scala:189)</element>
      <element>info.kwarc.mmt.api.Rule$.loadRule(Rule.scala:49)</element>
      <element>info.kwarc.mmt.api.symbols.RuleConstantInterpreter.createRule(RuleConstant.scala:49)</element>
      <element>info.kwarc.mmt.api.symbols.RuleConstantInterpreter.apply(RuleConstant.scala:69)</element>
      <element>info.kwarc.mmt.api.symbols.RuleConstantParser.apply(RuleConstant.scala:95)</element>
      <element>info.kwarc.mmt.api.symbols.RuleConstantParser.apply(RuleConstant.scala:77)</element>
      <element>info.kwarc.mmt.api.parser.KeywordBasedParser.readInModuleAux(StructureParser.scala:683)</element>
      <element>info.kwarc.mmt.api.parser.KeywordBasedParser.readInModule(StructureParser.scala:481)</element>
      <element>info.kwarc.mmt.api.parser.KeywordBasedParser.$anonfun$readTheory$2(StructureParser.scala:772)</element>
      <element>scala.runtime.java8.JFunction0$mcV$sp.apply(JFunction0$mcV$sp.java:23)</element>
      <element>info.kwarc.mmt.api.frontend.Logger.logGroup(Log.scala:34)</element>
      <element>info.kwarc.mmt.api.frontend.Logger.logGroup$(Log.scala:31)</element>
      <element>info.kwarc.mmt.api.parser.Parser.logGroup(Parser.scala:237)</element>
      <element>info.kwarc.mmt.api.parser.KeywordBasedParser.readTheory(StructureParser.scala:772)</element>
      <element>info.kwarc.mmt.api.parser.KeywordBasedParser.readInDocument(StructureParser.scala:420)</element>
      <element>info.kwarc.mmt.api.parser.KeywordBasedParser.$anonfun$apply$1(StructureParser.scala:93)</element>
      <element>scala.runtime.java8.JFunction0$mcV$sp.apply(JFunction0$mcV$sp.java:23)</element>
      <element>info.kwarc.mmt.api.frontend.Logger.logGroup(Log.scala:34)</element>
      <element>info.kwarc.mmt.api.frontend.Logger.logGroup$(Log.scala:31)</element>
      <element>info.kwarc.mmt.api.parser.Parser.logGroup(Parser.scala:237)</element>
      <element>info.kwarc.mmt.api.parser.KeywordBasedParser.apply(StructureParser.scala:93)</element>
      <element>info.kwarc.mmt.api.parser.KeywordBasedParser.apply(StructureParser.scala:83)</element>
      <element>info.kwarc.mmt.api.checking.TwoStepInterpreter.apply(Interpreter.scala:102)</element>
      <element>info.kwarc.mmt.api.checking.Interpreter.importDocument(Interpreter.scala:53)</element>
      <element>info.kwarc.mmt.api.archives.Importer.buildFile(Index.scala:159)</element>
      <element>info.kwarc.mmt.api.archives.TraversingBuildTarget.runBuildTask(BuildTarget.scala:564)</element>
      <element>info.kwarc.mmt.api.archives.TraversingBuildTarget.runBuildTaskIfNeeded(BuildTarget.scala:470)</element>
      <element>info.kwarc.mmt.api.archives.TrivialBuildManager.$anonfun$addTasks$1(BuildQueue.scala:122)</element>
      <element>scala.collection.immutable.List.foreach(List.scala:392)</element>
      <element>info.kwarc.mmt.api.archives.TrivialBuildManager.addTasks(BuildQueue.scala:121)</element>
      <element>info.kwarc.mmt.api.archives.TraversingBuildTarget.build(BuildTarget.scala:389)</element>
      <element>info.kwarc.mmt.api.archives.TraversingBuildTarget.build(BuildTarget.scala:383)</element>
      <element>info.kwarc.mmt.api.archives.BuildTarget.apply(BuildTarget.scala:227)</element>
      <element>info.kwarc.mmt.api.frontend.actions.ArchiveActionHandling.$anonfun$buildArchive$1(ArchiveAction.scala:119)</element>
      <element>info.kwarc.mmt.api.frontend.actions.ArchiveActionHandling.$anonfun$buildArchive$1$adapted(ArchiveAction.scala:96)</element>
      <element>scala.collection.immutable.List.foreach(List.scala:392)</element>
      <element>info.kwarc.mmt.api.frontend.actions.ArchiveActionHandling.buildArchive(ArchiveAction.scala:96)</element>
      <element>info.kwarc.mmt.api.frontend.actions.ArchiveActionHandling.buildArchive$(ArchiveAction.scala:95)</element>
      <element>info.kwarc.mmt.api.frontend.Controller.buildArchive(Controller.scala:74)</element>
      <element>info.kwarc.mmt.api.frontend.actions.ArchiveBuild.apply(ArchiveAction.scala:13)</element>
      <element>info.kwarc.mmt.api.frontend.actions.ActionHandling.handle(ActionHandling.scala:48)</element>
      <element>info.kwarc.mmt.api.frontend.actions.ActionHandling.handle$(ActionHandling.scala:37)</element>
      <element>info.kwarc.mmt.api.frontend.Controller.handle(Controller.scala:74)</element>
      <element>info.kwarc.mmt.api.frontend.actions.ActionHandling.handleLine(ActionHandling.scala:33)</element>
      <element>info.kwarc.mmt.api.frontend.actions.ActionHandling.handleLine$(ActionHandling.scala:31)</element>
      <element>info.kwarc.mmt.api.frontend.Controller.handleLine(Controller.scala:74)</element>
      <element>info.kwarc.mmt.intellij.MMTPluginInterface.handleLine(MMTPlugin.scala:117)</element>
      <element>java.base/jdk.internal.reflect.NativeMethodAccessorImpl.invoke0(Native Method)</element>
      <element>java.base/jdk.internal.reflect.NativeMethodAccessorImpl.invoke(NativeMethodAccessorImpl.java:62)</element>
      <element>java.base/jdk.internal.reflect.DelegatingMethodAccessorImpl.invoke(DelegatingMethodAccessorImpl.java:43)</element>
      <element>java.base/java.lang.reflect.Method.invoke(Method.java:566)</element>
      <element>scala.reflect.runtime.JavaMirrors$JavaMirror$JavaVanillaMethodMirror1.jinvokeraw(JavaMirrors.scala:407)</element>
      <element>scala.reflect.runtime.JavaMirrors$JavaMirror$JavaMethodMirror.jinvoke(JavaMirrors.scala:373)</element>
      <element>scala.reflect.runtime.JavaMirrors$JavaMirror$JavaVanillaMethodMirror.apply(JavaMirrors.scala:389)</element>
      <element>info.kwarc.mmt.utils.Reflection$ThisReflectedInstance.method(Reflection.scala:32)</element>
      <element>info.kwarc.mmt.intellij.MMTJar.method(Plugin.scala:108)</element>
      <element>info.kwarc.mmt.intellij.MMTJar.handleLine(Plugin.scala:119)</element>
      <element>info.kwarc.mmt.intellij.ui.ShellViewer.doAction(Shell.scala:39)</element>
      <element>info.kwarc.mmt.intellij.ui.ShellViewer.actionPerformed(Shell.scala:34)</element>
      <element>java.desktop/javax.swing.JTextField.fireActionPerformed(JTextField.java:508)</element>
      <element>java.desktop/javax.swing.JTextField.postActionEvent(JTextField.java:723)</element>
      <element>java.desktop/javax.swing.JTextField$NotifyAction.actionPerformed(JTextField.java:839)</element>
      <element>java.desktop/javax.swing.SwingUtilities.notifyAction(SwingUtilities.java:1810)</element>
      <element>java.desktop/javax.swing.JComponent.processKeyBinding(JComponent.java:2900)</element>
      <element>java.desktop/javax.swing.JComponent.processKeyBindings(JComponent.java:2948)</element>
      <element>java.desktop/javax.swing.JComponent.processKeyEvent(JComponent.java:2862)</element>
      <element>java.desktop/java.awt.Component.processEvent(Component.java:6428)</element>
      <element>java.desktop/java.awt.Container.processEvent(Container.java:2263)</element>
      <element>java.desktop/java.awt.Component.dispatchEventImpl(Component.java:5026)</element>
      <element>java.desktop/java.awt.Container.dispatchEventImpl(Container.java:2321)</element>
      <element>java.desktop/java.awt.Component.dispatchEvent(Component.java:4858)</element>
      <element>java.desktop/java.awt.KeyboardFocusManager.redispatchEvent(KeyboardFocusManager.java:1950)</element>
      <element>java.desktop/java.awt.DefaultKeyboardFocusManager.dispatchKeyEvent(DefaultKeyboardFocusManager.java:878)</element>
      <element>java.desktop/java.awt.DefaultKeyboardFocusManager.preDispatchKeyEvent(DefaultKeyboardFocusManager.java:1148)</element>
      <element>java.desktop/java.awt.DefaultKeyboardFocusManager.typeAheadAssertions(DefaultKeyboardFocusManager.java:1017)</element>
      <element>java.desktop/java.awt.DefaultKeyboardFocusManager.dispatchEvent(DefaultKeyboardFocusManager.java:843)</element>
      <element>com.intellij.ide.IdeKeyboardFocusManager.dispatchEvent(IdeKeyboardFocusManager.java:40)</element>
      <element>java.desktop/java.awt.Component.dispatchEventImpl(Component.java:4907)</element>
      <element>java.desktop/java.awt.Container.dispatchEventImpl(Container.java:2321)</element>
      <element>java.desktop/java.awt.Window.dispatchEventImpl(Window.java:2773)</element>
      <element>java.desktop/java.awt.Component.dispatchEvent(Component.java:4858)</element>
      <element>java.desktop/java.awt.EventQueue.dispatchEventImpl(EventQueue.java:778)</element>
      <element>java.desktop/java.awt.EventQueue$4.run(EventQueue.java:727)</element>
      <element>java.desktop/java.awt.EventQueue$4.run(EventQueue.java:721)</element>
      <element>java.base/java.security.AccessController.doPrivileged(Native Method)</element>
      <element>java.base/java.security.ProtectionDomain$JavaSecurityAccessImpl.doIntersectionPrivilege(ProtectionDomain.java:85)</element>
      <element>java.base/java.security.ProtectionDomain$JavaSecurityAccessImpl.doIntersectionPrivilege(ProtectionDomain.java:95)</element>
      <element>java.desktop/java.awt.EventQueue$5.run(EventQueue.java:751)</element>
      <element>java.desktop/java.awt.EventQueue$5.run(EventQueue.java:749)</element>
      <element>java.base/java.security.AccessController.doPrivileged(Native Method)</element>
      <element>java.base/java.security.ProtectionDomain$JavaSecurityAccessImpl.doIntersectionPrivilege(ProtectionDomain.java:85)</element>
      <element>java.desktop/java.awt.EventQueue.dispatchEvent(EventQueue.java:748)</element>
      <element>com.intellij.ide.IdeEventQueue.defaultDispatchEvent(IdeEventQueue.java:908)</element>
      <element>com.intellij.ide.IdeEventQueue.dispatchKeyEvent(IdeEventQueue.java:834)</element>
      <element>com.intellij.ide.IdeEventQueue._dispatchEvent(IdeEventQueue.java:775)</element>
      <element>com.intellij.ide.IdeEventQueue.lambda$dispatchEvent$8(IdeEventQueue.java:424)</element>
      <element>com.intellij.openapi.progress.impl.CoreProgressManager.computePrioritized(CoreProgressManager.java:698)</element>
      <element>com.intellij.ide.IdeEventQueue.dispatchEvent(IdeEventQueue.java:423)</element>
      <element>java.desktop/java.awt.EventDispatchThread.pumpOneEventForFilters(EventDispatchThread.java:203)</element>
      <element>java.desktop/java.awt.EventDispatchThread.pumpEventsForFilter(EventDispatchThread.java:124)</element>
      <element>java.desktop/java.awt.EventDispatchThread.pumpEventsForHierarchy(EventDispatchThread.java:113)</element>
      <element>java.desktop/java.awt.EventDispatchThread.pumpEvents(EventDispatchThread.java:109)</element>
      <element>java.desktop/java.awt.EventDispatchThread.pumpEvents(EventDispatchThread.java:101)</element>
      <element>java.desktop/java.awt.EventDispatchThread.run(EventDispatchThread.java:90)</element>
    </stacktrace>
  </error>
</error>

<error 
target="structure-parser" sref="latin:/proving/fundamentals.mmt#291.18.2:314.18.25" type="info.kwarc.mmt.api.SourceError" shortMsg="unknown error in declaration: invalid object (semantic object not found): scala://latin2/proving?AssumeStep" level="2">
  source error (structure-parser) at latin:/proving/fundamentals.mmt#291.18.2:314.18.25
  <stacktrace>
    <element>info.kwarc.mmt.api.parser.KeywordBasedParser.makeError(StructureParser.scala:202)</element>
    <element>info.kwarc.mmt.api.parser.KeywordBasedParser.readInModuleAux(StructureParser.scala:707)</element>
    <element>info.kwarc.mmt.api.parser.KeywordBasedParser.readInModule(StructureParser.scala:481)</element>
    <element>info.kwarc.mmt.api.parser.KeywordBasedParser.$anonfun$readTheory$2(StructureParser.scala:772)</element>
    <element>scala.runtime.java8.JFunction0$mcV$sp.apply(JFunction0$mcV$sp.java:23)</element>
    <element>info.kwarc.mmt.api.frontend.Logger.logGroup(Log.scala:34)</element>
    <element>info.kwarc.mmt.api.frontend.Logger.logGroup$(Log.scala:31)</element>
    <element>info.kwarc.mmt.api.parser.Parser.logGroup(Parser.scala:237)</element>
    <element>info.kwarc.mmt.api.parser.KeywordBasedParser.readTheory(StructureParser.scala:772)</element>
    <element>info.kwarc.mmt.api.parser.KeywordBasedParser.readInDocument(StructureParser.scala:420)</element>
    <element>info.kwarc.mmt.api.parser.KeywordBasedParser.$anonfun$apply$1(StructureParser.scala:93)</element>
    <element>scala.runtime.java8.JFunction0$mcV$sp.apply(JFunction0$mcV$sp.java:23)</element>
    <element>info.kwarc.mmt.api.frontend.Logger.logGroup(Log.scala:34)</element>
    <element>info.kwarc.mmt.api.frontend.Logger.logGroup$(Log.scala:31)</element>
    <element>info.kwarc.mmt.api.parser.Parser.logGroup(Parser.scala:237)</element>
    <element>info.kwarc.mmt.api.parser.KeywordBasedParser.apply(StructureParser.scala:93)</element>
    <element>info.kwarc.mmt.api.parser.KeywordBasedParser.apply(StructureParser.scala:83)</element>
    <element>info.kwarc.mmt.api.checking.TwoStepInterpreter.apply(Interpreter.scala:102)</element>
    <element>info.kwarc.mmt.api.checking.Interpreter.importDocument(Interpreter.scala:53)</element>
    <element>info.kwarc.mmt.api.archives.Importer.buildFile(Index.scala:159)</element>
    <element>info.kwarc.mmt.api.archives.TraversingBuildTarget.runBuildTask(BuildTarget.scala:564)</element>
    <element>info.kwarc.mmt.api.archives.TraversingBuildTarget.runBuildTaskIfNeeded(BuildTarget.scala:470)</element>
    <element>info.kwarc.mmt.api.archives.TrivialBuildManager.$anonfun$addTasks$1(BuildQueue.scala:122)</element>
    <element>scala.collection.immutable.List.foreach(List.scala:392)</element>
    <element>info.kwarc.mmt.api.archives.TrivialBuildManager.addTasks(BuildQueue.scala:121)</element>
    <element>info.kwarc.mmt.api.archives.TraversingBuildTarget.build(BuildTarget.scala:389)</element>
    <element>info.kwarc.mmt.api.archives.TraversingBuildTarget.build(BuildTarget.scala:383)</element>
    <element>info.kwarc.mmt.api.archives.BuildTarget.apply(BuildTarget.scala:227)</element>
    <element>info.kwarc.mmt.api.frontend.actions.ArchiveActionHandling.$anonfun$buildArchive$1(ArchiveAction.scala:119)</element>
    <element>info.kwarc.mmt.api.frontend.actions.ArchiveActionHandling.$anonfun$buildArchive$1$adapted(ArchiveAction.scala:96)</element>
    <element>scala.collection.immutable.List.foreach(List.scala:392)</element>
    <element>info.kwarc.mmt.api.frontend.actions.ArchiveActionHandling.buildArchive(ArchiveAction.scala:96)</element>
    <element>info.kwarc.mmt.api.frontend.actions.ArchiveActionHandling.buildArchive$(ArchiveAction.scala:95)</element>
    <element>info.kwarc.mmt.api.frontend.Controller.buildArchive(Controller.scala:74)</element>
    <element>info.kwarc.mmt.api.frontend.actions.ArchiveBuild.apply(ArchiveAction.scala:13)</element>
    <element>info.kwarc.mmt.api.frontend.actions.ActionHandling.handle(ActionHandling.scala:48)</element>
    <element>info.kwarc.mmt.api.frontend.actions.ActionHandling.handle$(ActionHandling.scala:37)</element>
    <element>info.kwarc.mmt.api.frontend.Controller.handle(Controller.scala:74)</element>
    <element>info.kwarc.mmt.api.frontend.actions.ActionHandling.handleLine(ActionHandling.scala:33)</element>
    <element>info.kwarc.mmt.api.frontend.actions.ActionHandling.handleLine$(ActionHandling.scala:31)</element>
    <element>info.kwarc.mmt.api.frontend.Controller.handleLine(Controller.scala:74)</element>
    <element>info.kwarc.mmt.intellij.MMTPluginInterface.handleLine(MMTPlugin.scala:117)</element>
    <element>java.base/jdk.internal.reflect.NativeMethodAccessorImpl.invoke0(Native Method)</element>
    <element>java.base/jdk.internal.reflect.NativeMethodAccessorImpl.invoke(NativeMethodAccessorImpl.java:62)</element>
    <element>java.base/jdk.internal.reflect.DelegatingMethodAccessorImpl.invoke(DelegatingMethodAccessorImpl.java:43)</element>
    <element>java.base/java.lang.reflect.Method.invoke(Method.java:566)</element>
    <element>scala.reflect.runtime.JavaMirrors$JavaMirror$JavaVanillaMethodMirror1.jinvokeraw(JavaMirrors.scala:407)</element>
    <element>scala.reflect.runtime.JavaMirrors$JavaMirror$JavaMethodMirror.jinvoke(JavaMirrors.scala:373)</element>
    <element>scala.reflect.runtime.JavaMirrors$JavaMirror$JavaVanillaMethodMirror.apply(JavaMirrors.scala:389)</element>
    <element>info.kwarc.mmt.utils.Reflection$ThisReflectedInstance.method(Reflection.scala:32)</element>
    <element>info.kwarc.mmt.intellij.MMTJar.method(Plugin.scala:108)</element>
    <element>info.kwarc.mmt.intellij.MMTJar.handleLine(Plugin.scala:119)</element>
    <element>info.kwarc.mmt.intellij.ui.ShellViewer.doAction(Shell.scala:39)</element>
    <element>info.kwarc.mmt.intellij.ui.ShellViewer.actionPerformed(Shell.scala:34)</element>
    <element>java.desktop/javax.swing.JTextField.fireActionPerformed(JTextField.java:508)</element>
    <element>java.desktop/javax.swing.JTextField.postActionEvent(JTextField.java:723)</element>
    <element>java.desktop/javax.swing.JTextField$NotifyAction.actionPerformed(JTextField.java:839)</element>
    <element>java.desktop/javax.swing.SwingUtilities.notifyAction(SwingUtilities.java:1810)</element>
    <element>java.desktop/javax.swing.JComponent.processKeyBinding(JComponent.java:2900)</element>
    <element>java.desktop/javax.swing.JComponent.processKeyBindings(JComponent.java:2948)</element>
    <element>java.desktop/javax.swing.JComponent.processKeyEvent(JComponent.java:2862)</element>
    <element>java.desktop/java.awt.Component.processEvent(Component.java:6428)</element>
    <element>java.desktop/java.awt.Container.processEvent(Container.java:2263)</element>
    <element>java.desktop/java.awt.Component.dispatchEventImpl(Component.java:5026)</element>
    <element>java.desktop/java.awt.Container.dispatchEventImpl(Container.java:2321)</element>
    <element>java.desktop/java.awt.Component.dispatchEvent(Component.java:4858)</element>
    <element>java.desktop/java.awt.KeyboardFocusManager.redispatchEvent(KeyboardFocusManager.java:1950)</element>
    <element>java.desktop/java.awt.DefaultKeyboardFocusManager.dispatchKeyEvent(DefaultKeyboardFocusManager.java:878)</element>
    <element>java.desktop/java.awt.DefaultKeyboardFocusManager.preDispatchKeyEvent(DefaultKeyboardFocusManager.java:1148)</element>
    <element>java.desktop/java.awt.DefaultKeyboardFocusManager.typeAheadAssertions(DefaultKeyboardFocusManager.java:1017)</element>
    <element>java.desktop/java.awt.DefaultKeyboardFocusManager.dispatchEvent(DefaultKeyboardFocusManager.java:843)</element>
    <element>com.intellij.ide.IdeKeyboardFocusManager.dispatchEvent(IdeKeyboardFocusManager.java:40)</element>
    <element>java.desktop/java.awt.Component.dispatchEventImpl(Component.java:4907)</element>
    <element>java.desktop/java.awt.Container.dispatchEventImpl(Container.java:2321)</element>
    <element>java.desktop/java.awt.Window.dispatchEventImpl(Window.java:2773)</element>
    <element>java.desktop/java.awt.Component.dispatchEvent(Component.java:4858)</element>
    <element>java.desktop/java.awt.EventQueue.dispatchEventImpl(EventQueue.java:778)</element>
    <element>java.desktop/java.awt.EventQueue$4.run(EventQueue.java:727)</element>
    <element>java.desktop/java.awt.EventQueue$4.run(EventQueue.java:721)</element>
    <element>java.base/java.security.AccessController.doPrivileged(Native Method)</element>
    <element>java.base/java.security.ProtectionDomain$JavaSecurityAccessImpl.doIntersectionPrivilege(ProtectionDomain.java:85)</element>
    <element>java.base/java.security.ProtectionDomain$JavaSecurityAccessImpl.doIntersectionPrivilege(ProtectionDomain.java:95)</element>
    <element>java.desktop/java.awt.EventQueue$5.run(EventQueue.java:751)</element>
    <element>java.desktop/java.awt.EventQueue$5.run(EventQueue.java:749)</element>
    <element>java.base/java.security.AccessController.doPrivileged(Native Method)</element>
    <element>java.base/java.security.ProtectionDomain$JavaSecurityAccessImpl.doIntersectionPrivilege(ProtectionDomain.java:85)</element>
    <element>java.desktop/java.awt.EventQueue.dispatchEvent(EventQueue.java:748)</element>
    <element>com.intellij.ide.IdeEventQueue.defaultDispatchEvent(IdeEventQueue.java:908)</element>
    <element>com.intellij.ide.IdeEventQueue.dispatchKeyEvent(IdeEventQueue.java:834)</element>
    <element>com.intellij.ide.IdeEventQueue._dispatchEvent(IdeEventQueue.java:775)</element>
    <element>com.intellij.ide.IdeEventQueue.lambda$dispatchEvent$8(IdeEventQueue.java:424)</element>
    <element>com.intellij.openapi.progress.impl.CoreProgressManager.computePrioritized(CoreProgressManager.java:698)</element>
    <element>com.intellij.ide.IdeEventQueue.dispatchEvent(IdeEventQueue.java:423)</element>
    <element>java.desktop/java.awt.EventDispatchThread.pumpOneEventForFilters(EventDispatchThread.java:203)</element>
    <element>java.desktop/java.awt.EventDispatchThread.pumpEventsForFilter(EventDispatchThread.java:124)</element>
    <element>java.desktop/java.awt.EventDispatchThread.pumpEventsForHierarchy(EventDispatchThread.java:113)</element>
    <element>java.desktop/java.awt.EventDispatchThread.pumpEvents(EventDispatchThread.java:109)</element>
    <element>java.desktop/java.awt.EventDispatchThread.pumpEvents(EventDispatchThread.java:101)</element>
    <element>java.desktop/java.awt.EventDispatchThread.run(EventDispatchThread.java:90)</element>
  </stacktrace>
  <error type="info.kwarc.mmt.api.InvalidObject" shortMsg="invalid object (semantic object not found): scala://latin2/proving?AssumeStep" level="2">
    <stacktrace>
      <element>info.kwarc.mmt.api.Rule$.$anonfun$loadRule$1(Rule.scala:49)</element>
      <element>scala.Option.getOrElse(Option.scala:189)</element>
      <element>info.kwarc.mmt.api.Rule$.loadRule(Rule.scala:49)</element>
      <element>info.kwarc.mmt.api.symbols.RuleConstantInterpreter.createRule(RuleConstant.scala:49)</element>
      <element>info.kwarc.mmt.api.symbols.RuleConstantInterpreter.apply(RuleConstant.scala:69)</element>
      <element>info.kwarc.mmt.api.symbols.RuleConstantParser.apply(RuleConstant.scala:95)</element>
      <element>info.kwarc.mmt.api.symbols.RuleConstantParser.apply(RuleConstant.scala:77)</element>
      <element>info.kwarc.mmt.api.parser.KeywordBasedParser.readInModuleAux(StructureParser.scala:683)</element>
      <element>info.kwarc.mmt.api.parser.KeywordBasedParser.readInModule(StructureParser.scala:481)</element>
      <element>info.kwarc.mmt.api.parser.KeywordBasedParser.$anonfun$readTheory$2(StructureParser.scala:772)</element>
      <element>scala.runtime.java8.JFunction0$mcV$sp.apply(JFunction0$mcV$sp.java:23)</element>
      <element>info.kwarc.mmt.api.frontend.Logger.logGroup(Log.scala:34)</element>
      <element>info.kwarc.mmt.api.frontend.Logger.logGroup$(Log.scala:31)</element>
      <element>info.kwarc.mmt.api.parser.Parser.logGroup(Parser.scala:237)</element>
      <element>info.kwarc.mmt.api.parser.KeywordBasedParser.readTheory(StructureParser.scala:772)</element>
      <element>info.kwarc.mmt.api.parser.KeywordBasedParser.readInDocument(StructureParser.scala:420)</element>
      <element>info.kwarc.mmt.api.parser.KeywordBasedParser.$anonfun$apply$1(StructureParser.scala:93)</element>
      <element>scala.runtime.java8.JFunction0$mcV$sp.apply(JFunction0$mcV$sp.java:23)</element>
      <element>info.kwarc.mmt.api.frontend.Logger.logGroup(Log.scala:34)</element>
      <element>info.kwarc.mmt.api.frontend.Logger.logGroup$(Log.scala:31)</element>
      <element>info.kwarc.mmt.api.parser.Parser.logGroup(Parser.scala:237)</element>
      <element>info.kwarc.mmt.api.parser.KeywordBasedParser.apply(StructureParser.scala:93)</element>
      <element>info.kwarc.mmt.api.parser.KeywordBasedParser.apply(StructureParser.scala:83)</element>
      <element>info.kwarc.mmt.api.checking.TwoStepInterpreter.apply(Interpreter.scala:102)</element>
      <element>info.kwarc.mmt.api.checking.Interpreter.importDocument(Interpreter.scala:53)</element>
      <element>info.kwarc.mmt.api.archives.Importer.buildFile(Index.scala:159)</element>
      <element>info.kwarc.mmt.api.archives.TraversingBuildTarget.runBuildTask(BuildTarget.scala:564)</element>
      <element>info.kwarc.mmt.api.archives.TraversingBuildTarget.runBuildTaskIfNeeded(BuildTarget.scala:470)</element>
      <element>info.kwarc.mmt.api.archives.TrivialBuildManager.$anonfun$addTasks$1(BuildQueue.scala:122)</element>
      <element>scala.collection.immutable.List.foreach(List.scala:392)</element>
      <element>info.kwarc.mmt.api.archives.TrivialBuildManager.addTasks(BuildQueue.scala:121)</element>
      <element>info.kwarc.mmt.api.archives.TraversingBuildTarget.build(BuildTarget.scala:389)</element>
      <element>info.kwarc.mmt.api.archives.TraversingBuildTarget.build(BuildTarget.scala:383)</element>
      <element>info.kwarc.mmt.api.archives.BuildTarget.apply(BuildTarget.scala:227)</element>
      <element>info.kwarc.mmt.api.frontend.actions.ArchiveActionHandling.$anonfun$buildArchive$1(ArchiveAction.scala:119)</element>
      <element>info.kwarc.mmt.api.frontend.actions.ArchiveActionHandling.$anonfun$buildArchive$1$adapted(ArchiveAction.scala:96)</element>
      <element>scala.collection.immutable.List.foreach(List.scala:392)</element>
      <element>info.kwarc.mmt.api.frontend.actions.ArchiveActionHandling.buildArchive(ArchiveAction.scala:96)</element>
      <element>info.kwarc.mmt.api.frontend.actions.ArchiveActionHandling.buildArchive$(ArchiveAction.scala:95)</element>
      <element>info.kwarc.mmt.api.frontend.Controller.buildArchive(Controller.scala:74)</element>
      <element>info.kwarc.mmt.api.frontend.actions.ArchiveBuild.apply(ArchiveAction.scala:13)</element>
      <element>info.kwarc.mmt.api.frontend.actions.ActionHandling.handle(ActionHandling.scala:48)</element>
      <element>info.kwarc.mmt.api.frontend.actions.ActionHandling.handle$(ActionHandling.scala:37)</element>
      <element>info.kwarc.mmt.api.frontend.Controller.handle(Controller.scala:74)</element>
      <element>info.kwarc.mmt.api.frontend.actions.ActionHandling.handleLine(ActionHandling.scala:33)</element>
      <element>info.kwarc.mmt.api.frontend.actions.ActionHandling.handleLine$(ActionHandling.scala:31)</element>
      <element>info.kwarc.mmt.api.frontend.Controller.handleLine(Controller.scala:74)</element>
      <element>info.kwarc.mmt.intellij.MMTPluginInterface.handleLine(MMTPlugin.scala:117)</element>
      <element>java.base/jdk.internal.reflect.NativeMethodAccessorImpl.invoke0(Native Method)</element>
      <element>java.base/jdk.internal.reflect.NativeMethodAccessorImpl.invoke(NativeMethodAccessorImpl.java:62)</element>
      <element>java.base/jdk.internal.reflect.DelegatingMethodAccessorImpl.invoke(DelegatingMethodAccessorImpl.java:43)</element>
      <element>java.base/java.lang.reflect.Method.invoke(Method.java:566)</element>
      <element>scala.reflect.runtime.JavaMirrors$JavaMirror$JavaVanillaMethodMirror1.jinvokeraw(JavaMirrors.scala:407)</element>
      <element>scala.reflect.runtime.JavaMirrors$JavaMirror$JavaMethodMirror.jinvoke(JavaMirrors.scala:373)</element>
      <element>scala.reflect.runtime.JavaMirrors$JavaMirror$JavaVanillaMethodMirror.apply(JavaMirrors.scala:389)</element>
      <element>info.kwarc.mmt.utils.Reflection$ThisReflectedInstance.method(Reflection.scala:32)</element>
      <element>info.kwarc.mmt.intellij.MMTJar.method(Plugin.scala:108)</element>
      <element>info.kwarc.mmt.intellij.MMTJar.handleLine(Plugin.scala:119)</element>
      <element>info.kwarc.mmt.intellij.ui.ShellViewer.doAction(Shell.scala:39)</element>
      <element>info.kwarc.mmt.intellij.ui.ShellViewer.actionPerformed(Shell.scala:34)</element>
      <element>java.desktop/javax.swing.JTextField.fireActionPerformed(JTextField.java:508)</element>
      <element>java.desktop/javax.swing.JTextField.postActionEvent(JTextField.java:723)</element>
      <element>java.desktop/javax.swing.JTextField$NotifyAction.actionPerformed(JTextField.java:839)</element>
      <element>java.desktop/javax.swing.SwingUtilities.notifyAction(SwingUtilities.java:1810)</element>
      <element>java.desktop/javax.swing.JComponent.processKeyBinding(JComponent.java:2900)</element>
      <element>java.desktop/javax.swing.JComponent.processKeyBindings(JComponent.java:2948)</element>
      <element>java.desktop/javax.swing.JComponent.processKeyEvent(JComponent.java:2862)</element>
      <element>java.desktop/java.awt.Component.processEvent(Component.java:6428)</element>
      <element>java.desktop/java.awt.Container.processEvent(Container.java:2263)</element>
      <element>java.desktop/java.awt.Component.dispatchEventImpl(Component.java:5026)</element>
      <element>java.desktop/java.awt.Container.dispatchEventImpl(Container.java:2321)</element>
      <element>java.desktop/java.awt.Component.dispatchEvent(Component.java:4858)</element>
      <element>java.desktop/java.awt.KeyboardFocusManager.redispatchEvent(KeyboardFocusManager.java:1950)</element>
      <element>java.desktop/java.awt.DefaultKeyboardFocusManager.dispatchKeyEvent(DefaultKeyboardFocusManager.java:878)</element>
      <element>java.desktop/java.awt.DefaultKeyboardFocusManager.preDispatchKeyEvent(DefaultKeyboardFocusManager.java:1148)</element>
      <element>java.desktop/java.awt.DefaultKeyboardFocusManager.typeAheadAssertions(DefaultKeyboardFocusManager.java:1017)</element>
      <element>java.desktop/java.awt.DefaultKeyboardFocusManager.dispatchEvent(DefaultKeyboardFocusManager.java:843)</element>
      <element>com.intellij.ide.IdeKeyboardFocusManager.dispatchEvent(IdeKeyboardFocusManager.java:40)</element>
      <element>java.desktop/java.awt.Component.dispatchEventImpl(Component.java:4907)</element>
      <element>java.desktop/java.awt.Container.dispatchEventImpl(Container.java:2321)</element>
      <element>java.desktop/java.awt.Window.dispatchEventImpl(Window.java:2773)</element>
      <element>java.desktop/java.awt.Component.dispatchEvent(Component.java:4858)</element>
      <element>java.desktop/java.awt.EventQueue.dispatchEventImpl(EventQueue.java:778)</element>
      <element>java.desktop/java.awt.EventQueue$4.run(EventQueue.java:727)</element>
      <element>java.desktop/java.awt.EventQueue$4.run(EventQueue.java:721)</element>
      <element>java.base/java.security.AccessController.doPrivileged(Native Method)</element>
      <element>java.base/java.security.ProtectionDomain$JavaSecurityAccessImpl.doIntersectionPrivilege(ProtectionDomain.java:85)</element>
      <element>java.base/java.security.ProtectionDomain$JavaSecurityAccessImpl.doIntersectionPrivilege(ProtectionDomain.java:95)</element>
      <element>java.desktop/java.awt.EventQueue$5.run(EventQueue.java:751)</element>
      <element>java.desktop/java.awt.EventQueue$5.run(EventQueue.java:749)</element>
      <element>java.base/java.security.AccessController.doPrivileged(Native Method)</element>
      <element>java.base/java.security.ProtectionDomain$JavaSecurityAccessImpl.doIntersectionPrivilege(ProtectionDomain.java:85)</element>
      <element>java.desktop/java.awt.EventQueue.dispatchEvent(EventQueue.java:748)</element>
      <element>com.intellij.ide.IdeEventQueue.defaultDispatchEvent(IdeEventQueue.java:908)</element>
      <element>com.intellij.ide.IdeEventQueue.dispatchKeyEvent(IdeEventQueue.java:834)</element>
      <element>com.intellij.ide.IdeEventQueue._dispatchEvent(IdeEventQueue.java:775)</element>
      <element>com.intellij.ide.IdeEventQueue.lambda$dispatchEvent$8(IdeEventQueue.java:424)</element>
      <element>com.intellij.openapi.progress.impl.CoreProgressManager.computePrioritized(CoreProgressManager.java:698)</element>
      <element>com.intellij.ide.IdeEventQueue.dispatchEvent(IdeEventQueue.java:423)</element>
      <element>java.desktop/java.awt.EventDispatchThread.pumpOneEventForFilters(EventDispatchThread.java:203)</element>
      <element>java.desktop/java.awt.EventDispatchThread.pumpEventsForFilter(EventDispatchThread.java:124)</element>
      <element>java.desktop/java.awt.EventDispatchThread.pumpEventsForHierarchy(EventDispatchThread.java:113)</element>
      <element>java.desktop/java.awt.EventDispatchThread.pumpEvents(EventDispatchThread.java:109)</element>
      <element>java.desktop/java.awt.EventDispatchThread.pumpEvents(EventDispatchThread.java:101)</element>
      <element>java.desktop/java.awt.EventDispatchThread.run(EventDispatchThread.java:90)</element>
    </stacktrace>
  </error>
</error>

<error 
target="structure-parser" sref="latin:/proving/fundamentals.mmt#393.25.2:413.25.22" type="info.kwarc.mmt.api.SourceError" shortMsg="unknown error in declaration: invalid object (semantic object not found): scala://latin2/proving?FixStep" level="2">
  source error (structure-parser) at latin:/proving/fundamentals.mmt#393.25.2:413.25.22
  <stacktrace>
    <element>info.kwarc.mmt.api.parser.KeywordBasedParser.makeError(StructureParser.scala:202)</element>
    <element>info.kwarc.mmt.api.parser.KeywordBasedParser.readInModuleAux(StructureParser.scala:707)</element>
    <element>info.kwarc.mmt.api.parser.KeywordBasedParser.readInModule(StructureParser.scala:481)</element>
    <element>info.kwarc.mmt.api.parser.KeywordBasedParser.$anonfun$readTheory$2(StructureParser.scala:772)</element>
    <element>scala.runtime.java8.JFunction0$mcV$sp.apply(JFunction0$mcV$sp.java:23)</element>
    <element>info.kwarc.mmt.api.frontend.Logger.logGroup(Log.scala:34)</element>
    <element>info.kwarc.mmt.api.frontend.Logger.logGroup$(Log.scala:31)</element>
    <element>info.kwarc.mmt.api.parser.Parser.logGroup(Parser.scala:237)</element>
    <element>info.kwarc.mmt.api.parser.KeywordBasedParser.readTheory(StructureParser.scala:772)</element>
    <element>info.kwarc.mmt.api.parser.KeywordBasedParser.readInDocument(StructureParser.scala:420)</element>
    <element>info.kwarc.mmt.api.parser.KeywordBasedParser.$anonfun$apply$1(StructureParser.scala:93)</element>
    <element>scala.runtime.java8.JFunction0$mcV$sp.apply(JFunction0$mcV$sp.java:23)</element>
    <element>info.kwarc.mmt.api.frontend.Logger.logGroup(Log.scala:34)</element>
    <element>info.kwarc.mmt.api.frontend.Logger.logGroup$(Log.scala:31)</element>
    <element>info.kwarc.mmt.api.parser.Parser.logGroup(Parser.scala:237)</element>
    <element>info.kwarc.mmt.api.parser.KeywordBasedParser.apply(StructureParser.scala:93)</element>
    <element>info.kwarc.mmt.api.parser.KeywordBasedParser.apply(StructureParser.scala:83)</element>
    <element>info.kwarc.mmt.api.checking.TwoStepInterpreter.apply(Interpreter.scala:102)</element>
    <element>info.kwarc.mmt.api.checking.Interpreter.importDocument(Interpreter.scala:53)</element>
    <element>info.kwarc.mmt.api.archives.Importer.buildFile(Index.scala:159)</element>
    <element>info.kwarc.mmt.api.archives.TraversingBuildTarget.runBuildTask(BuildTarget.scala:564)</element>
    <element>info.kwarc.mmt.api.archives.TraversingBuildTarget.runBuildTaskIfNeeded(BuildTarget.scala:470)</element>
    <element>info.kwarc.mmt.api.archives.TrivialBuildManager.$anonfun$addTasks$1(BuildQueue.scala:122)</element>
    <element>scala.collection.immutable.List.foreach(List.scala:392)</element>
    <element>info.kwarc.mmt.api.archives.TrivialBuildManager.addTasks(BuildQueue.scala:121)</element>
    <element>info.kwarc.mmt.api.archives.TraversingBuildTarget.build(BuildTarget.scala:389)</element>
    <element>info.kwarc.mmt.api.archives.TraversingBuildTarget.build(BuildTarget.scala:383)</element>
    <element>info.kwarc.mmt.api.archives.BuildTarget.apply(BuildTarget.scala:227)</element>
    <element>info.kwarc.mmt.api.frontend.actions.ArchiveActionHandling.$anonfun$buildArchive$1(ArchiveAction.scala:119)</element>
    <element>info.kwarc.mmt.api.frontend.actions.ArchiveActionHandling.$anonfun$buildArchive$1$adapted(ArchiveAction.scala:96)</element>
    <element>scala.collection.immutable.List.foreach(List.scala:392)</element>
    <element>info.kwarc.mmt.api.frontend.actions.ArchiveActionHandling.buildArchive(ArchiveAction.scala:96)</element>
    <element>info.kwarc.mmt.api.frontend.actions.ArchiveActionHandling.buildArchive$(ArchiveAction.scala:95)</element>
    <element>info.kwarc.mmt.api.frontend.Controller.buildArchive(Controller.scala:74)</element>
    <element>info.kwarc.mmt.api.frontend.actions.ArchiveBuild.apply(ArchiveAction.scala:13)</element>
    <element>info.kwarc.mmt.api.frontend.actions.ActionHandling.handle(ActionHandling.scala:48)</element>
    <element>info.kwarc.mmt.api.frontend.actions.ActionHandling.handle$(ActionHandling.scala:37)</element>
    <element>info.kwarc.mmt.api.frontend.Controller.handle(Controller.scala:74)</element>
    <element>info.kwarc.mmt.api.frontend.actions.ActionHandling.handleLine(ActionHandling.scala:33)</element>
    <element>info.kwarc.mmt.api.frontend.actions.ActionHandling.handleLine$(ActionHandling.scala:31)</element>
    <element>info.kwarc.mmt.api.frontend.Controller.handleLine(Controller.scala:74)</element>
    <element>info.kwarc.mmt.intellij.MMTPluginInterface.handleLine(MMTPlugin.scala:117)</element>
    <element>java.base/jdk.internal.reflect.NativeMethodAccessorImpl.invoke0(Native Method)</element>
    <element>java.base/jdk.internal.reflect.NativeMethodAccessorImpl.invoke(NativeMethodAccessorImpl.java:62)</element>
    <element>java.base/jdk.internal.reflect.DelegatingMethodAccessorImpl.invoke(DelegatingMethodAccessorImpl.java:43)</element>
    <element>java.base/java.lang.reflect.Method.invoke(Method.java:566)</element>
    <element>scala.reflect.runtime.JavaMirrors$JavaMirror$JavaVanillaMethodMirror1.jinvokeraw(JavaMirrors.scala:407)</element>
    <element>scala.reflect.runtime.JavaMirrors$JavaMirror$JavaMethodMirror.jinvoke(JavaMirrors.scala:373)</element>
    <element>scala.reflect.runtime.JavaMirrors$JavaMirror$JavaVanillaMethodMirror.apply(JavaMirrors.scala:389)</element>
    <element>info.kwarc.mmt.utils.Reflection$ThisReflectedInstance.method(Reflection.scala:32)</element>
    <element>info.kwarc.mmt.intellij.MMTJar.method(Plugin.scala:108)</element>
    <element>info.kwarc.mmt.intellij.MMTJar.handleLine(Plugin.scala:119)</element>
    <element>info.kwarc.mmt.intellij.ui.ShellViewer.doAction(Shell.scala:39)</element>
    <element>info.kwarc.mmt.intellij.ui.ShellViewer.actionPerformed(Shell.scala:34)</element>
    <element>java.desktop/javax.swing.JTextField.fireActionPerformed(JTextField.java:508)</element>
    <element>java.desktop/javax.swing.JTextField.postActionEvent(JTextField.java:723)</element>
    <element>java.desktop/javax.swing.JTextField$NotifyAction.actionPerformed(JTextField.java:839)</element>
    <element>java.desktop/javax.swing.SwingUtilities.notifyAction(SwingUtilities.java:1810)</element>
    <element>java.desktop/javax.swing.JComponent.processKeyBinding(JComponent.java:2900)</element>
    <element>java.desktop/javax.swing.JComponent.processKeyBindings(JComponent.java:2948)</element>
    <element>java.desktop/javax.swing.JComponent.processKeyEvent(JComponent.java:2862)</element>
    <element>java.desktop/java.awt.Component.processEvent(Component.java:6428)</element>
    <element>java.desktop/java.awt.Container.processEvent(Container.java:2263)</element>
    <element>java.desktop/java.awt.Component.dispatchEventImpl(Component.java:5026)</element>
    <element>java.desktop/java.awt.Container.dispatchEventImpl(Container.java:2321)</element>
    <element>java.desktop/java.awt.Component.dispatchEvent(Component.java:4858)</element>
    <element>java.desktop/java.awt.KeyboardFocusManager.redispatchEvent(KeyboardFocusManager.java:1950)</element>
    <element>java.desktop/java.awt.DefaultKeyboardFocusManager.dispatchKeyEvent(DefaultKeyboardFocusManager.java:878)</element>
    <element>java.desktop/java.awt.DefaultKeyboardFocusManager.preDispatchKeyEvent(DefaultKeyboardFocusManager.java:1148)</element>
    <element>java.desktop/java.awt.DefaultKeyboardFocusManager.typeAheadAssertions(DefaultKeyboardFocusManager.java:1017)</element>
    <element>java.desktop/java.awt.DefaultKeyboardFocusManager.dispatchEvent(DefaultKeyboardFocusManager.java:843)</element>
    <element>com.intellij.ide.IdeKeyboardFocusManager.dispatchEvent(IdeKeyboardFocusManager.java:40)</element>
    <element>java.desktop/java.awt.Component.dispatchEventImpl(Component.java:4907)</element>
    <element>java.desktop/java.awt.Container.dispatchEventImpl(Container.java:2321)</element>
    <element>java.desktop/java.awt.Window.dispatchEventImpl(Window.java:2773)</element>
    <element>java.desktop/java.awt.Component.dispatchEvent(Component.java:4858)</element>
    <element>java.desktop/java.awt.EventQueue.dispatchEventImpl(EventQueue.java:778)</element>
    <element>java.desktop/java.awt.EventQueue$4.run(EventQueue.java:727)</element>
    <element>java.desktop/java.awt.EventQueue$4.run(EventQueue.java:721)</element>
    <element>java.base/java.security.AccessController.doPrivileged(Native Method)</element>
    <element>java.base/java.security.ProtectionDomain$JavaSecurityAccessImpl.doIntersectionPrivilege(ProtectionDomain.java:85)</element>
    <element>java.base/java.security.ProtectionDomain$JavaSecurityAccessImpl.doIntersectionPrivilege(ProtectionDomain.java:95)</element>
    <element>java.desktop/java.awt.EventQueue$5.run(EventQueue.java:751)</element>
    <element>java.desktop/java.awt.EventQueue$5.run(EventQueue.java:749)</element>
    <element>java.base/java.security.AccessController.doPrivileged(Native Method)</element>
    <element>java.base/java.security.ProtectionDomain$JavaSecurityAccessImpl.doIntersectionPrivilege(ProtectionDomain.java:85)</element>
    <element>java.desktop/java.awt.EventQueue.dispatchEvent(EventQueue.java:748)</element>
    <element>com.intellij.ide.IdeEventQueue.defaultDispatchEvent(IdeEventQueue.java:908)</element>
    <element>com.intellij.ide.IdeEventQueue.dispatchKeyEvent(IdeEventQueue.java:834)</element>
    <element>com.intellij.ide.IdeEventQueue._dispatchEvent(IdeEventQueue.java:775)</element>
    <element>com.intellij.ide.IdeEventQueue.lambda$dispatchEvent$8(IdeEventQueue.java:424)</element>
    <element>com.intellij.openapi.progress.impl.CoreProgressManager.computePrioritized(CoreProgressManager.java:698)</element>
    <element>com.intellij.ide.IdeEventQueue.dispatchEvent(IdeEventQueue.java:423)</element>
    <element>java.desktop/java.awt.EventDispatchThread.pumpOneEventForFilters(EventDispatchThread.java:203)</element>
    <element>java.desktop/java.awt.EventDispatchThread.pumpEventsForFilter(EventDispatchThread.java:124)</element>
    <element>java.desktop/java.awt.EventDispatchThread.pumpEventsForHierarchy(EventDispatchThread.java:113)</element>
    <element>java.desktop/java.awt.EventDispatchThread.pumpEvents(EventDispatchThread.java:109)</element>
    <element>java.desktop/java.awt.EventDispatchThread.pumpEvents(EventDispatchThread.java:101)</element>
    <element>java.desktop/java.awt.EventDispatchThread.run(EventDispatchThread.java:90)</element>
  </stacktrace>
  <error type="info.kwarc.mmt.api.InvalidObject" shortMsg="invalid object (semantic object not found): scala://latin2/proving?FixStep" level="2">
    <stacktrace>
      <element>info.kwarc.mmt.api.Rule$.$anonfun$loadRule$1(Rule.scala:49)</element>
      <element>scala.Option.getOrElse(Option.scala:189)</element>
      <element>info.kwarc.mmt.api.Rule$.loadRule(Rule.scala:49)</element>
      <element>info.kwarc.mmt.api.symbols.RuleConstantInterpreter.createRule(RuleConstant.scala:49)</element>
      <element>info.kwarc.mmt.api.symbols.RuleConstantInterpreter.apply(RuleConstant.scala:69)</element>
      <element>info.kwarc.mmt.api.symbols.RuleConstantParser.apply(RuleConstant.scala:95)</element>
      <element>info.kwarc.mmt.api.symbols.RuleConstantParser.apply(RuleConstant.scala:77)</element>
      <element>info.kwarc.mmt.api.parser.KeywordBasedParser.readInModuleAux(StructureParser.scala:683)</element>
      <element>info.kwarc.mmt.api.parser.KeywordBasedParser.readInModule(StructureParser.scala:481)</element>
      <element>info.kwarc.mmt.api.parser.KeywordBasedParser.$anonfun$readTheory$2(StructureParser.scala:772)</element>
      <element>scala.runtime.java8.JFunction0$mcV$sp.apply(JFunction0$mcV$sp.java:23)</element>
      <element>info.kwarc.mmt.api.frontend.Logger.logGroup(Log.scala:34)</element>
      <element>info.kwarc.mmt.api.frontend.Logger.logGroup$(Log.scala:31)</element>
      <element>info.kwarc.mmt.api.parser.Parser.logGroup(Parser.scala:237)</element>
      <element>info.kwarc.mmt.api.parser.KeywordBasedParser.readTheory(StructureParser.scala:772)</element>
      <element>info.kwarc.mmt.api.parser.KeywordBasedParser.readInDocument(StructureParser.scala:420)</element>
      <element>info.kwarc.mmt.api.parser.KeywordBasedParser.$anonfun$apply$1(StructureParser.scala:93)</element>
      <element>scala.runtime.java8.JFunction0$mcV$sp.apply(JFunction0$mcV$sp.java:23)</element>
      <element>info.kwarc.mmt.api.frontend.Logger.logGroup(Log.scala:34)</element>
      <element>info.kwarc.mmt.api.frontend.Logger.logGroup$(Log.scala:31)</element>
      <element>info.kwarc.mmt.api.parser.Parser.logGroup(Parser.scala:237)</element>
      <element>info.kwarc.mmt.api.parser.KeywordBasedParser.apply(StructureParser.scala:93)</element>
      <element>info.kwarc.mmt.api.parser.KeywordBasedParser.apply(StructureParser.scala:83)</element>
      <element>info.kwarc.mmt.api.checking.TwoStepInterpreter.apply(Interpreter.scala:102)</element>
      <element>info.kwarc.mmt.api.checking.Interpreter.importDocument(Interpreter.scala:53)</element>
      <element>info.kwarc.mmt.api.archives.Importer.buildFile(Index.scala:159)</element>
      <element>info.kwarc.mmt.api.archives.TraversingBuildTarget.runBuildTask(BuildTarget.scala:564)</element>
      <element>info.kwarc.mmt.api.archives.TraversingBuildTarget.runBuildTaskIfNeeded(BuildTarget.scala:470)</element>
      <element>info.kwarc.mmt.api.archives.TrivialBuildManager.$anonfun$addTasks$1(BuildQueue.scala:122)</element>
      <element>scala.collection.immutable.List.foreach(List.scala:392)</element>
      <element>info.kwarc.mmt.api.archives.TrivialBuildManager.addTasks(BuildQueue.scala:121)</element>
      <element>info.kwarc.mmt.api.archives.TraversingBuildTarget.build(BuildTarget.scala:389)</element>
      <element>info.kwarc.mmt.api.archives.TraversingBuildTarget.build(BuildTarget.scala:383)</element>
      <element>info.kwarc.mmt.api.archives.BuildTarget.apply(BuildTarget.scala:227)</element>
      <element>info.kwarc.mmt.api.frontend.actions.ArchiveActionHandling.$anonfun$buildArchive$1(ArchiveAction.scala:119)</element>
      <element>info.kwarc.mmt.api.frontend.actions.ArchiveActionHandling.$anonfun$buildArchive$1$adapted(ArchiveAction.scala:96)</element>
      <element>scala.collection.immutable.List.foreach(List.scala:392)</element>
      <element>info.kwarc.mmt.api.frontend.actions.ArchiveActionHandling.buildArchive(ArchiveAction.scala:96)</element>
      <element>info.kwarc.mmt.api.frontend.actions.ArchiveActionHandling.buildArchive$(ArchiveAction.scala:95)</element>
      <element>info.kwarc.mmt.api.frontend.Controller.buildArchive(Controller.scala:74)</element>
      <element>info.kwarc.mmt.api.frontend.actions.ArchiveBuild.apply(ArchiveAction.scala:13)</element>
      <element>info.kwarc.mmt.api.frontend.actions.ActionHandling.handle(ActionHandling.scala:48)</element>
      <element>info.kwarc.mmt.api.frontend.actions.ActionHandling.handle$(ActionHandling.scala:37)</element>
      <element>info.kwarc.mmt.api.frontend.Controller.handle(Controller.scala:74)</element>
      <element>info.kwarc.mmt.api.frontend.actions.ActionHandling.handleLine(ActionHandling.scala:33)</element>
      <element>info.kwarc.mmt.api.frontend.actions.ActionHandling.handleLine$(ActionHandling.scala:31)</element>
      <element>info.kwarc.mmt.api.frontend.Controller.handleLine(Controller.scala:74)</element>
      <element>info.kwarc.mmt.intellij.MMTPluginInterface.handleLine(MMTPlugin.scala:117)</element>
      <element>java.base/jdk.internal.reflect.NativeMethodAccessorImpl.invoke0(Native Method)</element>
      <element>java.base/jdk.internal.reflect.NativeMethodAccessorImpl.invoke(NativeMethodAccessorImpl.java:62)</element>
      <element>java.base/jdk.internal.reflect.DelegatingMethodAccessorImpl.invoke(DelegatingMethodAccessorImpl.java:43)</element>
      <element>java.base/java.lang.reflect.Method.invoke(Method.java:566)</element>
      <element>scala.reflect.runtime.JavaMirrors$JavaMirror$JavaVanillaMethodMirror1.jinvokeraw(JavaMirrors.scala:407)</element>
      <element>scala.reflect.runtime.JavaMirrors$JavaMirror$JavaMethodMirror.jinvoke(JavaMirrors.scala:373)</element>
      <element>scala.reflect.runtime.JavaMirrors$JavaMirror$JavaVanillaMethodMirror.apply(JavaMirrors.scala:389)</element>
      <element>info.kwarc.mmt.utils.Reflection$ThisReflectedInstance.method(Reflection.scala:32)</element>
      <element>info.kwarc.mmt.intellij.MMTJar.method(Plugin.scala:108)</element>
      <element>info.kwarc.mmt.intellij.MMTJar.handleLine(Plugin.scala:119)</element>
      <element>info.kwarc.mmt.intellij.ui.ShellViewer.doAction(Shell.scala:39)</element>
      <element>info.kwarc.mmt.intellij.ui.ShellViewer.actionPerformed(Shell.scala:34)</element>
      <element>java.desktop/javax.swing.JTextField.fireActionPerformed(JTextField.java:508)</element>
      <element>java.desktop/javax.swing.JTextField.postActionEvent(JTextField.java:723)</element>
      <element>java.desktop/javax.swing.JTextField$NotifyAction.actionPerformed(JTextField.java:839)</element>
      <element>java.desktop/javax.swing.SwingUtilities.notifyAction(SwingUtilities.java:1810)</element>
      <element>java.desktop/javax.swing.JComponent.processKeyBinding(JComponent.java:2900)</element>
      <element>java.desktop/javax.swing.JComponent.processKeyBindings(JComponent.java:2948)</element>
      <element>java.desktop/javax.swing.JComponent.processKeyEvent(JComponent.java:2862)</element>
      <element>java.desktop/java.awt.Component.processEvent(Component.java:6428)</element>
      <element>java.desktop/java.awt.Container.processEvent(Container.java:2263)</element>
      <element>java.desktop/java.awt.Component.dispatchEventImpl(Component.java:5026)</element>
      <element>java.desktop/java.awt.Container.dispatchEventImpl(Container.java:2321)</element>
      <element>java.desktop/java.awt.Component.dispatchEvent(Component.java:4858)</element>
      <element>java.desktop/java.awt.KeyboardFocusManager.redispatchEvent(KeyboardFocusManager.java:1950)</element>
      <element>java.desktop/java.awt.DefaultKeyboardFocusManager.dispatchKeyEvent(DefaultKeyboardFocusManager.java:878)</element>
      <element>java.desktop/java.awt.DefaultKeyboardFocusManager.preDispatchKeyEvent(DefaultKeyboardFocusManager.java:1148)</element>
      <element>java.desktop/java.awt.DefaultKeyboardFocusManager.typeAheadAssertions(DefaultKeyboardFocusManager.java:1017)</element>
      <element>java.desktop/java.awt.DefaultKeyboardFocusManager.dispatchEvent(DefaultKeyboardFocusManager.java:843)</element>
      <element>com.intellij.ide.IdeKeyboardFocusManager.dispatchEvent(IdeKeyboardFocusManager.java:40)</element>
      <element>java.desktop/java.awt.Component.dispatchEventImpl(Component.java:4907)</element>
      <element>java.desktop/java.awt.Container.dispatchEventImpl(Container.java:2321)</element>
      <element>java.desktop/java.awt.Window.dispatchEventImpl(Window.java:2773)</element>
      <element>java.desktop/java.awt.Component.dispatchEvent(Component.java:4858)</element>
      <element>java.desktop/java.awt.EventQueue.dispatchEventImpl(EventQueue.java:778)</element>
      <element>java.desktop/java.awt.EventQueue$4.run(EventQueue.java:727)</element>
      <element>java.desktop/java.awt.EventQueue$4.run(EventQueue.java:721)</element>
      <element>java.base/java.security.AccessController.doPrivileged(Native Method)</element>
      <element>java.base/java.security.ProtectionDomain$JavaSecurityAccessImpl.doIntersectionPrivilege(ProtectionDomain.java:85)</element>
      <element>java.base/java.security.ProtectionDomain$JavaSecurityAccessImpl.doIntersectionPrivilege(ProtectionDomain.java:95)</element>
      <element>java.desktop/java.awt.EventQueue$5.run(EventQueue.java:751)</element>
      <element>java.desktop/java.awt.EventQueue$5.run(EventQueue.java:749)</element>
      <element>java.base/java.security.AccessController.doPrivileged(Native Method)</element>
      <element>java.base/java.security.ProtectionDomain$JavaSecurityAccessImpl.doIntersectionPrivilege(ProtectionDomain.java:85)</element>
      <element>java.desktop/java.awt.EventQueue.dispatchEvent(EventQueue.java:748)</element>
      <element>com.intellij.ide.IdeEventQueue.defaultDispatchEvent(IdeEventQueue.java:908)</element>
      <element>com.intellij.ide.IdeEventQueue.dispatchKeyEvent(IdeEventQueue.java:834)</element>
      <element>com.intellij.ide.IdeEventQueue._dispatchEvent(IdeEventQueue.java:775)</element>
      <element>com.intellij.ide.IdeEventQueue.lambda$dispatchEvent$8(IdeEventQueue.java:424)</element>
      <element>com.intellij.openapi.progress.impl.CoreProgressManager.computePrioritized(CoreProgressManager.java:698)</element>
      <element>com.intellij.ide.IdeEventQueue.dispatchEvent(IdeEventQueue.java:423)</element>
      <element>java.desktop/java.awt.EventDispatchThread.pumpOneEventForFilters(EventDispatchThread.java:203)</element>
      <element>java.desktop/java.awt.EventDispatchThread.pumpEventsForFilter(EventDispatchThread.java:124)</element>
      <element>java.desktop/java.awt.EventDispatchThread.pumpEventsForHierarchy(EventDispatchThread.java:113)</element>
      <element>java.desktop/java.awt.EventDispatchThread.pumpEvents(EventDispatchThread.java:109)</element>
      <element>java.desktop/java.awt.EventDispatchThread.pumpEvents(EventDispatchThread.java:101)</element>
      <element>java.desktop/java.awt.EventDispatchThread.run(EventDispatchThread.java:90)</element>
    </stacktrace>
  </error>
</error>

<error type="info.kwarc.mmt.api.InvalidUnit" shortMsg="invalid unit: latin:/?Test?test?definition: Judgment  |- [T:/_/0,A:(/_/1 T)]proof (fix x:(/_/2 T A));(assume a:(/_/3 T A x));use a : {T:tp,A:tm T⟶prop}⊦∀[x:tm T](A x)⇒(A x)" level="2">
  <stacktrace>
    <element>info.kwarc.mmt.api.checking.RuleBasedChecker.$anonfun$apply$18(RuleBasedChecker.scala:108)</element>
    <element>info.kwarc.mmt.api.checking.RuleBasedChecker.$anonfun$apply$18$adapted(RuleBasedChecker.scala:106)</element>
    <element>scala.collection.immutable.List.foreach(List.scala:392)</element>
    <element>info.kwarc.mmt.api.checking.RuleBasedChecker.$anonfun$apply$15(RuleBasedChecker.scala:106)</element>
    <element>scala.runtime.java8.JFunction0$mcV$sp.apply(JFunction0$mcV$sp.java:23)</element>
    <element>info.kwarc.mmt.api.frontend.Logger.logGroup(Log.scala:34)</element>
    <element>info.kwarc.mmt.api.frontend.Logger.logGroup$(Log.scala:31)</element>
    <element>info.kwarc.mmt.api.checking.RuleBasedChecker.logGroup(RuleBasedChecker.scala:17)</element>
    <element>info.kwarc.mmt.api.checking.RuleBasedChecker.apply(RuleBasedChecker.scala:95)</element>
    <element>info.kwarc.mmt.api.checking.MMTStructureChecker.$anonfun$check$17(MMTStructureChecker.scala:313)</element>
    <element>info.kwarc.mmt.api.checking.MMTStructureChecker.$anonfun$check$17$adapted(MMTStructureChecker.scala:289)</element>
    <element>scala.Option.foreach(Option.scala:407)</element>
    <element>info.kwarc.mmt.api.checking.MMTStructureChecker.check(MMTStructureChecker.scala:289)</element>
    <element>info.kwarc.mmt.api.checking.MMTStructureChecker.applyElementBegin(MMTStructureChecker.scala:73)</element>
    <element>info.kwarc.mmt.api.checking.TwoStepInterpreter$$anon$1.onElement(Interpreter.scala:96)</element>
    <element>info.kwarc.mmt.api.parser.KeywordBasedParser.seCont(StructureParser.scala:131)</element>
    <element>info.kwarc.mmt.api.parser.KeywordBasedParser.addDeclaration$1(StructureParser.scala:501)</element>
    <element>info.kwarc.mmt.api.parser.KeywordBasedParser.readInModuleAux(StructureParser.scala:692)</element>
    <element>info.kwarc.mmt.api.parser.KeywordBasedParser.readInModule(StructureParser.scala:481)</element>
    <element>info.kwarc.mmt.api.parser.KeywordBasedParser.$anonfun$readTheory$2(StructureParser.scala:772)</element>
    <element>scala.runtime.java8.JFunction0$mcV$sp.apply(JFunction0$mcV$sp.java:23)</element>
    <element>info.kwarc.mmt.api.frontend.Logger.logGroup(Log.scala:34)</element>
    <element>info.kwarc.mmt.api.frontend.Logger.logGroup$(Log.scala:31)</element>
    <element>info.kwarc.mmt.api.parser.Parser.logGroup(Parser.scala:237)</element>
    <element>info.kwarc.mmt.api.parser.KeywordBasedParser.readTheory(StructureParser.scala:772)</element>
    <element>info.kwarc.mmt.api.parser.KeywordBasedParser.readInDocument(StructureParser.scala:420)</element>
    <element>info.kwarc.mmt.api.parser.KeywordBasedParser.$anonfun$apply$1(StructureParser.scala:93)</element>
    <element>scala.runtime.java8.JFunction0$mcV$sp.apply(JFunction0$mcV$sp.java:23)</element>
    <element>info.kwarc.mmt.api.frontend.Logger.logGroup(Log.scala:34)</element>
    <element>info.kwarc.mmt.api.frontend.Logger.logGroup$(Log.scala:31)</element>
    <element>info.kwarc.mmt.api.parser.Parser.logGroup(Parser.scala:237)</element>
    <element>info.kwarc.mmt.api.parser.KeywordBasedParser.apply(StructureParser.scala:93)</element>
    <element>info.kwarc.mmt.api.parser.KeywordBasedParser.apply(StructureParser.scala:83)</element>
    <element>info.kwarc.mmt.api.checking.TwoStepInterpreter.apply(Interpreter.scala:102)</element>
    <element>info.kwarc.mmt.api.checking.Interpreter.importDocument(Interpreter.scala:53)</element>
    <element>info.kwarc.mmt.api.archives.Importer.buildFile(Index.scala:159)</element>
    <element>info.kwarc.mmt.api.archives.TraversingBuildTarget.runBuildTask(BuildTarget.scala:564)</element>
    <element>info.kwarc.mmt.api.archives.TraversingBuildTarget.runBuildTaskIfNeeded(BuildTarget.scala:470)</element>
    <element>info.kwarc.mmt.api.archives.TrivialBuildManager.$anonfun$addTasks$1(BuildQueue.scala:122)</element>
    <element>scala.collection.immutable.List.foreach(List.scala:392)</element>
    <element>info.kwarc.mmt.api.archives.TrivialBuildManager.addTasks(BuildQueue.scala:121)</element>
    <element>info.kwarc.mmt.api.archives.TraversingBuildTarget.build(BuildTarget.scala:389)</element>
    <element>info.kwarc.mmt.api.archives.TraversingBuildTarget.build(BuildTarget.scala:383)</element>
    <element>info.kwarc.mmt.api.archives.BuildTarget.apply(BuildTarget.scala:227)</element>
    <element>info.kwarc.mmt.api.frontend.actions.ArchiveActionHandling.$anonfun$buildArchive$1(ArchiveAction.scala:119)</element>
    <element>info.kwarc.mmt.api.frontend.actions.ArchiveActionHandling.$anonfun$buildArchive$1$adapted(ArchiveAction.scala:96)</element>
    <element>scala.collection.immutable.List.foreach(List.scala:392)</element>
    <element>info.kwarc.mmt.api.frontend.actions.ArchiveActionHandling.buildArchive(ArchiveAction.scala:96)</element>
    <element>info.kwarc.mmt.api.frontend.actions.ArchiveActionHandling.buildArchive$(ArchiveAction.scala:95)</element>
    <element>info.kwarc.mmt.api.frontend.Controller.buildArchive(Controller.scala:74)</element>
    <element>info.kwarc.mmt.api.frontend.actions.ArchiveBuild.apply(ArchiveAction.scala:13)</element>
    <element>info.kwarc.mmt.api.frontend.actions.ActionHandling.handle(ActionHandling.scala:48)</element>
    <element>info.kwarc.mmt.api.frontend.actions.ActionHandling.handle$(ActionHandling.scala:37)</element>
    <element>info.kwarc.mmt.api.frontend.Controller.handle(Controller.scala:74)</element>
    <element>info.kwarc.mmt.api.frontend.actions.ActionHandling.handleLine(ActionHandling.scala:33)</element>
    <element>info.kwarc.mmt.api.frontend.actions.ActionHandling.handleLine$(ActionHandling.scala:31)</element>
    <element>info.kwarc.mmt.api.frontend.Controller.handleLine(Controller.scala:74)</element>
    <element>info.kwarc.mmt.intellij.MMTPluginInterface.handleLine(MMTPlugin.scala:117)</element>
    <element>java.base/jdk.internal.reflect.NativeMethodAccessorImpl.invoke0(Native Method)</element>
    <element>java.base/jdk.internal.reflect.NativeMethodAccessorImpl.invoke(NativeMethodAccessorImpl.java:62)</element>
    <element>java.base/jdk.internal.reflect.DelegatingMethodAccessorImpl.invoke(DelegatingMethodAccessorImpl.java:43)</element>
    <element>java.base/java.lang.reflect.Method.invoke(Method.java:566)</element>
    <element>scala.reflect.runtime.JavaMirrors$JavaMirror$JavaVanillaMethodMirror1.jinvokeraw(JavaMirrors.scala:407)</element>
    <element>scala.reflect.runtime.JavaMirrors$JavaMirror$JavaMethodMirror.jinvoke(JavaMirrors.scala:373)</element>
    <element>scala.reflect.runtime.JavaMirrors$JavaMirror$JavaVanillaMethodMirror.apply(JavaMirrors.scala:389)</element>
    <element>info.kwarc.mmt.utils.Reflection$ThisReflectedInstance.method(Reflection.scala:32)</element>
    <element>info.kwarc.mmt.intellij.MMTJar.method(Plugin.scala:108)</element>
    <element>info.kwarc.mmt.intellij.MMTJar.handleLine(Plugin.scala:119)</element>
    <element>info.kwarc.mmt.intellij.ui.ShellViewer.doAction(Shell.scala:39)</element>
    <element>info.kwarc.mmt.intellij.ui.ShellViewer.actionPerformed(Shell.scala:34)</element>
    <element>java.desktop/javax.swing.JTextField.fireActionPerformed(JTextField.java:508)</element>
    <element>java.desktop/javax.swing.JTextField.postActionEvent(JTextField.java:723)</element>
    <element>java.desktop/javax.swing.JTextField$NotifyAction.actionPerformed(JTextField.java:839)</element>
    <element>java.desktop/javax.swing.SwingUtilities.notifyAction(SwingUtilities.java:1810)</element>
    <element>java.desktop/javax.swing.JComponent.processKeyBinding(JComponent.java:2900)</element>
    <element>java.desktop/javax.swing.JComponent.processKeyBindings(JComponent.java:2948)</element>
    <element>java.desktop/javax.swing.JComponent.processKeyEvent(JComponent.java:2862)</element>
    <element>java.desktop/java.awt.Component.processEvent(Component.java:6428)</element>
    <element>java.desktop/java.awt.Container.processEvent(Container.java:2263)</element>
    <element>java.desktop/java.awt.Component.dispatchEventImpl(Component.java:5026)</element>
    <element>java.desktop/java.awt.Container.dispatchEventImpl(Container.java:2321)</element>
    <element>java.desktop/java.awt.Component.dispatchEvent(Component.java:4858)</element>
    <element>java.desktop/java.awt.KeyboardFocusManager.redispatchEvent(KeyboardFocusManager.java:1950)</element>
    <element>java.desktop/java.awt.DefaultKeyboardFocusManager.dispatchKeyEvent(DefaultKeyboardFocusManager.java:878)</element>
    <element>java.desktop/java.awt.DefaultKeyboardFocusManager.preDispatchKeyEvent(DefaultKeyboardFocusManager.java:1148)</element>
    <element>java.desktop/java.awt.DefaultKeyboardFocusManager.typeAheadAssertions(DefaultKeyboardFocusManager.java:1017)</element>
    <element>java.desktop/java.awt.DefaultKeyboardFocusManager.dispatchEvent(DefaultKeyboardFocusManager.java:843)</element>
    <element>com.intellij.ide.IdeKeyboardFocusManager.dispatchEvent(IdeKeyboardFocusManager.java:40)</element>
    <element>java.desktop/java.awt.Component.dispatchEventImpl(Component.java:4907)</element>
    <element>java.desktop/java.awt.Container.dispatchEventImpl(Container.java:2321)</element>
    <element>java.desktop/java.awt.Window.dispatchEventImpl(Window.java:2773)</element>
    <element>java.desktop/java.awt.Component.dispatchEvent(Component.java:4858)</element>
    <element>java.desktop/java.awt.EventQueue.dispatchEventImpl(EventQueue.java:778)</element>
    <element>java.desktop/java.awt.EventQueue$4.run(EventQueue.java:727)</element>
    <element>java.desktop/java.awt.EventQueue$4.run(EventQueue.java:721)</element>
    <element>java.base/java.security.AccessController.doPrivileged(Native Method)</element>
    <element>java.base/java.security.ProtectionDomain$JavaSecurityAccessImpl.doIntersectionPrivilege(ProtectionDomain.java:85)</element>
    <element>java.base/java.security.ProtectionDomain$JavaSecurityAccessImpl.doIntersectionPrivilege(ProtectionDomain.java:95)</element>
    <element>java.desktop/java.awt.EventQueue$5.run(EventQueue.java:751)</element>
    <element>java.desktop/java.awt.EventQueue$5.run(EventQueue.java:749)</element>
    <element>java.base/java.security.AccessController.doPrivileged(Native Method)</element>
    <element>java.base/java.security.ProtectionDomain$JavaSecurityAccessImpl.doIntersectionPrivilege(ProtectionDomain.java:85)</element>
    <element>java.desktop/java.awt.EventQueue.dispatchEvent(EventQueue.java:748)</element>
    <element>com.intellij.ide.IdeEventQueue.defaultDispatchEvent(IdeEventQueue.java:908)</element>
    <element>com.intellij.ide.IdeEventQueue.dispatchKeyEvent(IdeEventQueue.java:834)</element>
    <element>com.intellij.ide.IdeEventQueue._dispatchEvent(IdeEventQueue.java:775)</element>
    <element>com.intellij.ide.IdeEventQueue.lambda$dispatchEvent$8(IdeEventQueue.java:424)</element>
    <element>com.intellij.openapi.progress.impl.CoreProgressManager.computePrioritized(CoreProgressManager.java:698)</element>
    <element>com.intellij.ide.IdeEventQueue.dispatchEvent(IdeEventQueue.java:423)</element>
    <element>java.desktop/java.awt.EventDispatchThread.pumpOneEventForFilters(EventDispatchThread.java:203)</element>
    <element>java.desktop/java.awt.EventDispatchThread.pumpEventsForFilter(EventDispatchThread.java:124)</element>
    <element>java.desktop/java.awt.EventDispatchThread.pumpEventsForHierarchy(EventDispatchThread.java:113)</element>
    <element>java.desktop/java.awt.EventDispatchThread.pumpEvents(EventDispatchThread.java:109)</element>
    <element>java.desktop/java.awt.EventDispatchThread.pumpEvents(EventDispatchThread.java:101)</element>
    <element>java.desktop/java.awt.EventDispatchThread.run(EventDispatchThread.java:90)</element>
  </stacktrace>
</error>
</errors>
